Archive member included to satisfy reference by file (symbol)

c:/progra~2/armgnu~1/112202~1.02/bin/../lib/gcc/arm-none-eabi/11.2.1/thumb/v6-m/nofp\libgcc.a(_dvmd_tls.o)
                              CMakeFiles/pio_rotary_encoder.dir/C_/Program_Files_(x86)/Pico/pico-sdk/src/rp2_common/pico_divider/divider.S.obj (__aeabi_idiv0)
c:/progra~2/armgnu~1/112202~1.02/bin/../lib/gcc/arm-none-eabi/11.2.1/thumb/v6-m/nofp\libg.a(lib_a-calloc.o)
                              CMakeFiles/pio_rotary_encoder.dir/C_/Program_Files_(x86)/Pico/pico-sdk/src/rp2_common/pico_malloc/pico_malloc.c.obj (calloc)
c:/progra~2/armgnu~1/112202~1.02/bin/../lib/gcc/arm-none-eabi/11.2.1/thumb/v6-m/nofp\libg.a(lib_a-callocr.o)
                              c:/progra~2/armgnu~1/112202~1.02/bin/../lib/gcc/arm-none-eabi/11.2.1/thumb/v6-m/nofp\libg.a(lib_a-calloc.o) (_calloc_r)
c:/progra~2/armgnu~1/112202~1.02/bin/../lib/gcc/arm-none-eabi/11.2.1/thumb/v6-m/nofp\libg.a(lib_a-errno.o)
                              c:/progra~2/armgnu~1/112202~1.02/bin/../lib/gcc/arm-none-eabi/11.2.1/thumb/v6-m/nofp\libg.a(lib_a-callocr.o) (__errno)
c:/progra~2/armgnu~1/112202~1.02/bin/../lib/gcc/arm-none-eabi/11.2.1/thumb/v6-m/nofp\libg.a(lib_a-impure.o)
                              c:/progra~2/armgnu~1/112202~1.02/bin/../lib/gcc/arm-none-eabi/11.2.1/thumb/v6-m/nofp\libg.a(lib_a-calloc.o) (_impure_ptr)
c:/progra~2/armgnu~1/112202~1.02/bin/../lib/gcc/arm-none-eabi/11.2.1/thumb/v6-m/nofp\libg.a(lib_a-init.o)
                              c:/progra~2/armgnu~1/112202~1.02/bin/../lib/gcc/arm-none-eabi/11.2.1/thumb/v6-m/nofp/crt0.o (__libc_init_array)
c:/progra~2/armgnu~1/112202~1.02/bin/../lib/gcc/arm-none-eabi/11.2.1/thumb/v6-m/nofp\libg.a(lib_a-malloc.o)
                              CMakeFiles/pio_rotary_encoder.dir/C_/Program_Files_(x86)/Pico/pico-sdk/src/rp2_common/pico_malloc/pico_malloc.c.obj (malloc)
c:/progra~2/armgnu~1/112202~1.02/bin/../lib/gcc/arm-none-eabi/11.2.1/thumb/v6-m/nofp\libg.a(lib_a-mallocr.o)
                              c:/progra~2/armgnu~1/112202~1.02/bin/../lib/gcc/arm-none-eabi/11.2.1/thumb/v6-m/nofp\libg.a(lib_a-callocr.o) (_malloc_r)
c:/progra~2/armgnu~1/112202~1.02/bin/../lib/gcc/arm-none-eabi/11.2.1/thumb/v6-m/nofp\libg.a(lib_a-mlock.o)
                              c:/progra~2/armgnu~1/112202~1.02/bin/../lib/gcc/arm-none-eabi/11.2.1/thumb/v6-m/nofp\libg.a(lib_a-mallocr.o) (__malloc_lock)
c:/progra~2/armgnu~1/112202~1.02/bin/../lib/gcc/arm-none-eabi/11.2.1/thumb/v6-m/nofp\libg.a(lib_a-sbrkr.o)
                              c:/progra~2/armgnu~1/112202~1.02/bin/../lib/gcc/arm-none-eabi/11.2.1/thumb/v6-m/nofp\libg.a(lib_a-mallocr.o) (_sbrk_r)
c:/progra~2/armgnu~1/112202~1.02/bin/../lib/gcc/arm-none-eabi/11.2.1/thumb/v6-m/nofp\libg.a(lib_a-strlen-stub.o)
                              CMakeFiles/pio_rotary_encoder.dir/C_/Program_Files_(x86)/Pico/pico-sdk/src/rp2_common/pico_stdio/stdio.c.obj (strlen)
c:/progra~2/armgnu~1/112202~1.02/bin/../lib/gcc/arm-none-eabi/11.2.1/thumb/v6-m/nofp\libg.a(lib_a-freer.o)
                              c:/progra~2/armgnu~1/112202~1.02/bin/../lib/gcc/arm-none-eabi/11.2.1/thumb/v6-m/nofp\libg.a(lib_a-malloc.o) (_free_r)
c:/progra~2/armgnu~1/112202~1.02/bin/../lib/gcc/arm-none-eabi/11.2.1/thumb/v6-m/nofp\libg.a(lib_a-reent.o)
                              c:/progra~2/armgnu~1/112202~1.02/bin/../lib/gcc/arm-none-eabi/11.2.1/thumb/v6-m/nofp\libg.a(lib_a-sbrkr.o) (errno)

Discarded input sections

 .text          0x00000000        0x0 c:/progra~2/armgnu~1/112202~1.02/bin/../lib/gcc/arm-none-eabi/11.2.1/thumb/v6-m/nofp/crti.o
 .data          0x00000000        0x0 c:/progra~2/armgnu~1/112202~1.02/bin/../lib/gcc/arm-none-eabi/11.2.1/thumb/v6-m/nofp/crti.o
 .bss           0x00000000        0x0 c:/progra~2/armgnu~1/112202~1.02/bin/../lib/gcc/arm-none-eabi/11.2.1/thumb/v6-m/nofp/crti.o
 .text          0x00000000        0x0 c:/progra~2/armgnu~1/112202~1.02/bin/../lib/gcc/arm-none-eabi/11.2.1/thumb/v6-m/nofp/crtbegin.o
 .data          0x00000000        0x0 c:/progra~2/armgnu~1/112202~1.02/bin/../lib/gcc/arm-none-eabi/11.2.1/thumb/v6-m/nofp/crtbegin.o
 .bss           0x00000000        0x0 c:/progra~2/armgnu~1/112202~1.02/bin/../lib/gcc/arm-none-eabi/11.2.1/thumb/v6-m/nofp/crtbegin.o
 .rodata.all_implied_fbits
                0x00000000       0x24 c:/progra~2/armgnu~1/112202~1.02/bin/../lib/gcc/arm-none-eabi/11.2.1/thumb/v6-m/nofp/crtbegin.o
 .fini_array    0x00000000        0x4 c:/progra~2/armgnu~1/112202~1.02/bin/../lib/gcc/arm-none-eabi/11.2.1/thumb/v6-m/nofp/crtbegin.o
 .text.deregister_tm_clones
                0x00000000       0x20 c:/progra~2/armgnu~1/112202~1.02/bin/../lib/gcc/arm-none-eabi/11.2.1/thumb/v6-m/nofp/crtbegin.o
 .data.__dso_handle
                0x00000000        0x4 c:/progra~2/armgnu~1/112202~1.02/bin/../lib/gcc/arm-none-eabi/11.2.1/thumb/v6-m/nofp/crtbegin.o
 .text.__do_global_dtors_aux
[...]
Memory Configuration

Name             Origin             Length             Attributes
FLASH            0x10000000         0x00200000         xr
RAM              0x20000000         0x00040000         xrw
SCRATCH_X        0x20040000         0x00001000         xrw
SCRATCH_Y        0x20041000         0x00001000         xrw
*default*        0x00000000         0xffffffff

Linker script and memory map

LOAD c:/progra~2/armgnu~1/112202~1.02/bin/../lib/gcc/arm-none-eabi/11.2.1/thumb/v6-m/nofp/crti.o
LOAD c:/progra~2/armgnu~1/112202~1.02/bin/../lib/gcc/arm-none-eabi/11.2.1/thumb/v6-m/nofp/crtbegin.o
LOAD c:/progra~2/armgnu~1/112202~1.02/bin/../lib/gcc/arm-none-eabi/11.2.1/thumb/v6-m/nofp/crt0.o

.flash_begin    0x10000000        0x0
                0x10000000                __flash_binary_start = .

.boot2          0x10000000      0x100
                0x10000000                __boot2_start__ = .
 *(.boot2)
 .boot2         0x10000000      0x100 C:\Users\Ant\AppData\Local\Temp\ccOggkS4.o
                0x10000100                __boot2_end__ = .
                0x00000001                ASSERT (((__boot2_end__ - __boot2_start__) == 0x100), ERROR: Pico second stage bootloader must be 256 bytes in size)

.text           0x10000100     0x47b8
                0x10000100                __logical_binary_start = .
 *(.vectors)
 .vectors       0x10000100       0xd4 CMakeFiles/pio_rotary_encoder.dir/C_/Program_Files_(x86)/Pico/pico-sdk/src/rp2_common/pico_standard_link/crt0.S.obj
                0x10000100                __VECTOR_TABLE
                0x10000100                __vectors
                0x100001c0                isr_invalid
                0x100001c0                __default_isrs_start
                0x100001c2                isr_nmi
                0x100001c4                isr_hardfault
                0x100001c6                isr_svcall
                0x100001c8                isr_pendsv
                0x100001ca                isr_systick
                0x100001cc                isr_irq23
                0x100001cc                isr_irq18
                0x100001cc                isr_irq11
                0x100001cc                isr_irq28
                0x100001cc                isr_irq19
                0x100001cc                isr_irq0
                0x100001cc                isr_irq6
                0x100001cc                isr_irq5
                0x100001cc                isr_irq12
                0x100001cc                isr_irq22
                0x100001cc                isr_irq31
                0x100001cc                isr_irq17
                0x100001cc                isr_irq27
                0x100001cc                isr_irq30
                0x100001cc                isr_irq2
                0x100001cc                isr_irq10
                0x100001cc                isr_irq8
                0x100001cc                isr_irq24
                0x100001cc                isr_irq1
                0x100001cc                isr_irq7
                0x100001cc                isr_irq21
                0x100001cc                isr_irq20
                0x100001cc                isr_irq15
                0x100001cc                isr_irq25
                0x100001cc                isr_irq13
                0x100001cc                __unhandled_user_irq
                0x100001cc                isr_irq4
                0x100001cc                isr_irq16
                0x100001cc                isr_irq29
                0x100001cc                isr_irq26
                0x100001cc                __default_isrs_end
                0x100001cc                isr_irq3
                0x100001cc                isr_irq14
                0x100001cc                isr_irq9
                0x100001d2                unhandled_user_irq_num_in_r0
 *(.binary_info_header)
 .binary_info_header
                0x100001d4       0x14 CMakeFiles/pio_rotary_encoder.dir/C_/Program_Files_(x86)/Pico/pico-sdk/src/rp2_common/pico_standard_link/crt0.S.obj
                0x100001e8                __binary_info_header_end = .
 *(.reset)
 .reset         0x100001e8       0xa8 CMakeFiles/pio_rotary_encoder.dir/C_/Program_Files_(x86)/Pico/pico-sdk/src/rp2_common/pico_standard_link/crt0.S.obj
                0x100001e8                _entry_point
                0x10000266                __get_current_exception
 .reset         0x10000290       0x30 CMakeFiles/pio_rotary_encoder.dir/C_/Program_Files_(x86)/Pico/pico-sdk/src/rp2_common/pico_standard_link/binary_info.c.obj
 *(.init)
 .init          0x100002c0        0x4 c:/progra~2/armgnu~1/112202~1.02/bin/../lib/gcc/arm-none-eabi/11.2.1/thumb/v6-m/nofp/crti.o
                0x100002c0                _init
 *(EXCLUDE_FILE(*libm.a: *libc.a:*lib_a-mem*.o *libgcc.a:) .text*)
 .text.register_tm_clones
                0x100002c4       0x28 c:/progra~2/armgnu~1/112202~1.02/bin/../lib/gcc/arm-none-eabi/11.2.1/thumb/v6-m/nofp/crtbegin.o
 .text.frame_dummy
                0x100002ec       0x24 c:/progra~2/armgnu~1/112202~1.02/bin/../lib/gcc/arm-none-eabi/11.2.1/thumb/v6-m/nofp/crtbegin.o
 .text._ZN13RotaryEncoder15pio_irq_handlerEv
                0x10000310       0x50 CMakeFiles/pio_rotary_encoder.dir/pio_rotary_encoder.cpp.obj
                0x10000310                _ZN13RotaryEncoder15pio_irq_handlerEv
 .text._ZN13RotaryEncoderC2Ej
                0x10000360       0xb8 CMakeFiles/pio_rotary_encoder.dir/pio_rotary_encoder.cpp.obj
                0x10000360                _ZN13RotaryEncoderC1Ej
                0x10000360                _ZN13RotaryEncoderC2Ej
 .text._Z13WriteCathodesi
                0x10000418       0x94 CMakeFiles/pio_rotary_encoder.dir/pio_rotary_encoder.cpp.obj
                0x10000418                _Z13WriteCathodesi
 .text.main     0x100004ac      0x178 CMakeFiles/pio_rotary_encoder.dir/pio_rotary_encoder.cpp.obj
                0x100004ac                main
 .text.gpio_set_function
                0x10000624       0x30 CMakeFiles/pio_rotary_encoder.dir/C_/Program_Files_(x86)/Pico/pico-sdk/src/rp2_common/hardware_gpio/gpio.c.obj
                0x10000624                gpio_set_function
 .text.gpio_set_pulls
                0x10000654       0x34 CMakeFiles/pio_rotary_encoder.dir/C_/Program_Files_(x86)/Pico/pico-sdk/src/rp2_common/hardware_gpio/gpio.c.obj
                0x10000654                gpio_set_pulls
 .text.gpio_init
                0x10000688       0x16 CMakeFiles/pio_rotary_encoder.dir/C_/Program_Files_(x86)/Pico/pico-sdk/src/rp2_common/hardware_gpio/gpio.c.obj
                0x10000688                gpio_init
 *fill*         0x1000069e        0x2 
 .text.hw_claim_lock
                0x100006a0       0x18 CMakeFiles/pio_rotary_encoder.dir/C_/Program_Files_(x86)/Pico/pico-sdk/src/rp2_common/hardware_claim/claim.c.obj
                0x100006a0                hw_claim_lock
 .text.hw_claim_unlock
                0x100006b8       0x14 CMakeFiles/pio_rotary_encoder.dir/C_/Program_Files_(x86)/Pico/pico-sdk/src/rp2_common/hardware_claim/claim.c.obj
                0x100006b8                hw_claim_unlock
 .text.hw_claim_or_assert
                0x100006cc       0x32 CMakeFiles/pio_rotary_encoder.dir/C_/Program_Files_(x86)/Pico/pico-sdk/src/rp2_common/hardware_claim/claim.c.obj
                0x100006cc                hw_claim_or_assert
 *fill*         0x100006fe        0x2 
 .text.running_on_fpga
                0x10000700       0x14 CMakeFiles/pio_rotary_encoder.dir/C_/Program_Files_(x86)/Pico/pico-sdk/src/rp2_common/pico_platform/platform.c.obj
                0x10000700                running_on_fpga
 .text.spin_locks_reset
                0x10000714       0x20 CMakeFiles/pio_rotary_encoder.dir/C_/Program_Files_(x86)/Pico/pico-sdk/src/rp2_common/hardware_sync/sync.c.obj
                0x10000714                spin_locks_reset
 .text.next_striped_spin_lock_num
                0x10000734       0x1c CMakeFiles/pio_rotary_encoder.dir/C_/Program_Files_(x86)/Pico/pico-sdk/src/rp2_common/hardware_sync/sync.c.obj
                0x10000734                next_striped_spin_lock_num
 .text.uart_set_baudrate
                0x10000750       0x5c CMakeFiles/pio_rotary_encoder.dir/C_/Program_Files_(x86)/Pico/pico-sdk/src/rp2_common/hardware_uart/uart.c.obj
                0x10000750                uart_set_baudrate
 .text.uart_set_translate_crlf
                0x100007ac       0x28 CMakeFiles/pio_rotary_encoder.dir/C_/Program_Files_(x86)/Pico/pico-sdk/src/rp2_common/hardware_uart/uart.c.obj
                0x100007ac                uart_set_translate_crlf
 .text.uart_init
                0x100007d4       0x80 CMakeFiles/pio_rotary_encoder.dir/C_/Program_Files_(x86)/Pico/pico-sdk/src/rp2_common/hardware_uart/uart.c.obj
                0x100007d4                uart_init
 .text.alarm_pool_post_alloc_init
                0x10000854       0x40 CMakeFiles/pio_rotary_encoder.dir/C_/Program_Files_(x86)/Pico/pico-sdk/src/common/pico_time/time.c.obj
 .text.sleep_until_callback
                0x10000894       0x30 CMakeFiles/pio_rotary_encoder.dir/C_/Program_Files_(x86)/Pico/pico-sdk/src/common/pico_time/time.c.obj
 .text.timer_pool_entry_comparator
                0x100008c4       0x78 CMakeFiles/pio_rotary_encoder.dir/C_/Program_Files_(x86)/Pico/pico-sdk/src/common/pico_time/time.c.obj
                0x100008c4                timer_pool_entry_comparator
 .text.ph_add_child_node
                0x1000093c       0xa0 CMakeFiles/pio_rotary_encoder.dir/C_/Program_Files_(x86)/Pico/pico-sdk/src/common/pico_time/time.c.obj
 .text.ph_merge_nodes
                0x100009dc       0x3e CMakeFiles/pio_rotary_encoder.dir/C_/Program_Files_(x86)/Pico/pico-sdk/src/common/pico_time/time.c.obj
 *fill*         0x10000a1a        0x2 
 .text.add_alarm_under_lock
                0x10000a1c      0x16c CMakeFiles/pio_rotary_encoder.dir/C_/Program_Files_(x86)/Pico/pico-sdk/src/common/pico_time/time.c.obj
 .text.alarm_pool_alarm_callback
                0x10000b88      0x328 CMakeFiles/pio_rotary_encoder.dir/C_/Program_Files_(x86)/Pico/pico-sdk/src/common/pico_time/time.c.obj
 .text.alarm_pool_init_default
                0x10000eb0       0x38 CMakeFiles/pio_rotary_encoder.dir/C_/Program_Files_(x86)/Pico/pico-sdk/src/common/pico_time/time.c.obj
                0x10000eb0                alarm_pool_init_default
 .text.alarm_pool_get_default
                0x10000ee8       0x2c CMakeFiles/pio_rotary_encoder.dir/C_/Program_Files_(x86)/Pico/pico-sdk/src/common/pico_time/time.c.obj
                0x10000ee8                alarm_pool_get_default
 .text.alarm_pool_add_alarm_at
                0x10000f14      0x178 CMakeFiles/pio_rotary_encoder.dir/C_/Program_Files_(x86)/Pico/pico-sdk/src/common/pico_time/time.c.obj
                0x10000f14                alarm_pool_add_alarm_at
 .text.sleep_until
                0x1000108c       0xfc CMakeFiles/pio_rotary_encoder.dir/C_/Program_Files_(x86)/Pico/pico-sdk/src/common/pico_time/time.c.obj
                0x1000108c                sleep_until
 .text.sleep_us
                0x10001188       0x58 CMakeFiles/pio_rotary_encoder.dir/C_/Program_Files_(x86)/Pico/pico-sdk/src/common/pico_time/time.c.obj
                0x10001188                sleep_us
 .text.sleep_ms
                0x100011e0       0x14 CMakeFiles/pio_rotary_encoder.dir/C_/Program_Files_(x86)/Pico/pico-sdk/src/common/pico_time/time.c.obj
                0x100011e0                sleep_ms
 .text.hardware_alarm_irq_handler
                0x100011f4       0x88 CMakeFiles/pio_rotary_encoder.dir/C_/Program_Files_(x86)/Pico/pico-sdk/src/rp2_common/hardware_timer/timer.c.obj
 .text.hardware_alarm_claim
                0x1000127c       0x18 CMakeFiles/pio_rotary_encoder.dir/C_/Program_Files_(x86)/Pico/pico-sdk/src/rp2_common/hardware_timer/timer.c.obj
                0x1000127c                hardware_alarm_claim
 .text.time_us_64
                0x10001294       0x18 CMakeFiles/pio_rotary_encoder.dir/C_/Program_Files_(x86)/Pico/pico-sdk/src/rp2_common/hardware_timer/timer.c.obj
                0x10001294                time_us_64
 .text.busy_wait_until
                0x100012ac       0x28 CMakeFiles/pio_rotary_encoder.dir/C_/Program_Files_(x86)/Pico/pico-sdk/src/rp2_common/hardware_timer/timer.c.obj
                0x100012ac                busy_wait_until
 .text.hardware_alarm_set_callback
                0x100012d4       0x90 CMakeFiles/pio_rotary_encoder.dir/C_/Program_Files_(x86)/Pico/pico-sdk/src/rp2_common/hardware_timer/timer.c.obj
                0x100012d4                hardware_alarm_set_callback
 .text.hardware_alarm_set_target
                0x10001364       0xe8 CMakeFiles/pio_rotary_encoder.dir/C_/Program_Files_(x86)/Pico/pico-sdk/src/rp2_common/hardware_timer/timer.c.obj
                0x10001364                hardware_alarm_set_target
 .text.hardware_alarm_cancel
                0x1000144c       0x40 CMakeFiles/pio_rotary_encoder.dir/C_/Program_Files_(x86)/Pico/pico-sdk/src/rp2_common/hardware_timer/timer.c.obj
                0x1000144c                hardware_alarm_cancel
 .text.lock_init
                0x1000148c       0x10 CMakeFiles/pio_rotary_encoder.dir/C_/Program_Files_(x86)/Pico/pico-sdk/src/common/pico_sync/lock_core.c.obj
                0x1000148c                lock_init
 .text.mutex_init
                0x1000149c       0x1a CMakeFiles/pio_rotary_encoder.dir/C_/Program_Files_(x86)/Pico/pico-sdk/src/common/pico_sync/mutex.c.obj
                0x1000149c                mutex_init
 .text.recursive_mutex_init
                0x100014b6       0x1e CMakeFiles/pio_rotary_encoder.dir/C_/Program_Files_(x86)/Pico/pico-sdk/src/common/pico_sync/mutex.c.obj
                0x100014b6                recursive_mutex_init
 .text.ph_add_child_node
                0x100014d4       0xa0 CMakeFiles/pio_rotary_encoder.dir/C_/Program_Files_(x86)/Pico/pico-sdk/src/common/pico_util/pheap.c.obj
 .text.ph_merge_nodes
                0x10001574       0x3e CMakeFiles/pio_rotary_encoder.dir/C_/Program_Files_(x86)/Pico/pico-sdk/src/common/pico_util/pheap.c.obj
 *fill*         0x100015b2        0x2 
 .text.ph_clear
                0x100015b4       0x70 CMakeFiles/pio_rotary_encoder.dir/C_/Program_Files_(x86)/Pico/pico-sdk/src/common/pico_util/pheap.c.obj
                0x100015b4                ph_clear
 .text.ph_post_alloc_init
                0x10001624        0xe CMakeFiles/pio_rotary_encoder.dir/C_/Program_Files_(x86)/Pico/pico-sdk/src/common/pico_util/pheap.c.obj
                0x10001624                ph_post_alloc_init
 *fill*         0x10001632        0x2 
 .text.ph_merge_two_pass
                0x10001634       0xa4 CMakeFiles/pio_rotary_encoder.dir/C_/Program_Files_(x86)/Pico/pico-sdk/src/common/pico_util/pheap.c.obj
                0x10001634                ph_merge_two_pass
 .text.ph_remove_any_head
                0x100016d8      0x104 CMakeFiles/pio_rotary_encoder.dir/C_/Program_Files_(x86)/Pico/pico-sdk/src/common/pico_util/pheap.c.obj
 .text.ph_remove_head
                0x100017dc       0x14 CMakeFiles/pio_rotary_encoder.dir/C_/Program_Files_(x86)/Pico/pico-sdk/src/common/pico_util/pheap.c.obj
                0x100017dc                ph_remove_head
 .text.ph_remove_and_free_node
                0x100017f0       0xf8 CMakeFiles/pio_rotary_encoder.dir/C_/Program_Files_(x86)/Pico/pico-sdk/src/common/pico_util/pheap.c.obj
                0x100017f0                ph_remove_and_free_node
 .text._exit    0x100018e8        0x4 CMakeFiles/pio_rotary_encoder.dir/C_/Program_Files_(x86)/Pico/pico-sdk/src/rp2_common/pico_runtime/runtime.c.obj
                0x100018e8                _exit
 .text.exit     0x100018ec        0x6 CMakeFiles/pio_rotary_encoder.dir/C_/Program_Files_(x86)/Pico/pico-sdk/src/rp2_common/pico_runtime/runtime.c.obj
                0x100018ec                exit
 *fill*         0x100018f2        0x2 
 .text.__assert_func
                0x100018f4       0x3c CMakeFiles/pio_rotary_encoder.dir/C_/Program_Files_(x86)/Pico/pico-sdk/src/rp2_common/pico_runtime/runtime.c.obj
                0x100018f4                __assert_func
 .text.runtime_init
                0x10001930       0xf8 CMakeFiles/pio_rotary_encoder.dir/C_/Program_Files_(x86)/Pico/pico-sdk/src/rp2_common/pico_runtime/runtime.c.obj
                0x10001930                runtime_init
 .text.panic    0x10001a28       0x30 CMakeFiles/pio_rotary_encoder.dir/C_/Program_Files_(x86)/Pico/pico-sdk/src/rp2_common/pico_runtime/runtime.c.obj
                0x10001a28                panic
 .text.clock_configure
                0x10001a58      0x104 CMakeFiles/pio_rotary_encoder.dir/C_/Program_Files_(x86)/Pico/pico-sdk/src/rp2_common/hardware_clocks/clocks.c.obj
                0x10001a58                clock_configure
 .text.clocks_init
                0x10001b5c      0x100 CMakeFiles/pio_rotary_encoder.dir/C_/Program_Files_(x86)/Pico/pico-sdk/src/rp2_common/hardware_clocks/clocks.c.obj
                0x10001b5c                clocks_init
 .text.clock_get_hz
                0x10001c5c        0xc CMakeFiles/pio_rotary_encoder.dir/C_/Program_Files_(x86)/Pico/pico-sdk/src/rp2_common/hardware_clocks/clocks.c.obj
                0x10001c5c                clock_get_hz
 .text.set_raw_irq_handler_and_unlock
                0x10001c68       0x28 CMakeFiles/pio_rotary_encoder.dir/C_/Program_Files_(x86)/Pico/pico-sdk/src/rp2_common/hardware_irq/irq.c.obj
 .text.make_branch
                0x10001c90       0x34 CMakeFiles/pio_rotary_encoder.dir/C_/Program_Files_(x86)/Pico/pico-sdk/src/rp2_common/hardware_irq/irq.c.obj
 .text.insert_branch_and_link
                0x10001cc4       0x40 CMakeFiles/pio_rotary_encoder.dir/C_/Program_Files_(x86)/Pico/pico-sdk/src/rp2_common/hardware_irq/irq.c.obj
 .text.irq_is_enabled
                0x10001d04       0x18 CMakeFiles/pio_rotary_encoder.dir/C_/Program_Files_(x86)/Pico/pico-sdk/src/rp2_common/hardware_irq/irq.c.obj
                0x10001d04                irq_is_enabled
 .text.irq_set_mask_enabled
                0x10001d1c       0x20 CMakeFiles/pio_rotary_encoder.dir/C_/Program_Files_(x86)/Pico/pico-sdk/src/rp2_common/hardware_irq/irq.c.obj
                0x10001d1c                irq_set_mask_enabled
 .text.irq_set_enabled
                0x10001d3c        0xe CMakeFiles/pio_rotary_encoder.dir/C_/Program_Files_(x86)/Pico/pico-sdk/src/rp2_common/hardware_irq/irq.c.obj
                0x10001d3c                irq_set_enabled
 *fill*         0x10001d4a        0x2 
 .text.irq_get_vtable_handler
                0x10001d4c       0x10 CMakeFiles/pio_rotary_encoder.dir/C_/Program_Files_(x86)/Pico/pico-sdk/src/rp2_common/hardware_irq/irq.c.obj
                0x10001d4c                irq_get_vtable_handler
 .text.irq_set_exclusive_handler
                0x10001d5c       0x54 CMakeFiles/pio_rotary_encoder.dir/C_/Program_Files_(x86)/Pico/pico-sdk/src/rp2_common/hardware_irq/irq.c.obj
                0x10001d5c                irq_set_exclusive_handler
 .text.irq_remove_handler
                0x10001db0      0x1ac CMakeFiles/pio_rotary_encoder.dir/C_/Program_Files_(x86)/Pico/pico-sdk/src/rp2_common/hardware_irq/irq.c.obj
                0x10001db0                irq_remove_handler
 .text.irq_add_tail_to_free_list
                0x10001f5c       0xf0 CMakeFiles/pio_rotary_encoder.dir/C_/Program_Files_(x86)/Pico/pico-sdk/src/rp2_common/hardware_irq/irq.c.obj
                0x10001f5c                irq_add_tail_to_free_list
 .text.irq_init_priorities
                0x1000204c       0x1c CMakeFiles/pio_rotary_encoder.dir/C_/Program_Files_(x86)/Pico/pico-sdk/src/rp2_common/hardware_irq/irq.c.obj
                0x1000204c                irq_init_priorities
 .text.pll_init
                0x10002068      0x118 CMakeFiles/pio_rotary_encoder.dir/C_/Program_Files_(x86)/Pico/pico-sdk/src/rp2_common/hardware_pll/pll.c.obj
                0x10002068                pll_init
 .text.watchdog_start_tick
                0x10002180       0x10 CMakeFiles/pio_rotary_encoder.dir/C_/Program_Files_(x86)/Pico/pico-sdk/src/rp2_common/hardware_watchdog/watchdog.c.obj
                0x10002180                watchdog_start_tick
 .text.xosc_init
                0x10002190       0x28 CMakeFiles/pio_rotary_encoder.dir/C_/Program_Files_(x86)/Pico/pico-sdk/src/rp2_common/hardware_xosc/xosc.c.obj
                0x10002190                xosc_init
 .text._out_null
                0x100021b8        0x2 CMakeFiles/pio_rotary_encoder.dir/C_/Program_Files_(x86)/Pico/pico-sdk/src/rp2_common/pico_printf/printf.c.obj
 .text._out_fct
                0x100021ba        0xe CMakeFiles/pio_rotary_encoder.dir/C_/Program_Files_(x86)/Pico/pico-sdk/src/rp2_common/pico_printf/printf.c.obj
 .text._atoi    0x100021c8       0x24 CMakeFiles/pio_rotary_encoder.dir/C_/Program_Files_(x86)/Pico/pico-sdk/src/rp2_common/pico_printf/printf.c.obj
 .text._out_rev
                0x100021ec       0xae CMakeFiles/pio_rotary_encoder.dir/C_/Program_Files_(x86)/Pico/pico-sdk/src/rp2_common/pico_printf/printf.c.obj
 .text._ntoa_format
                0x1000229a      0x112 CMakeFiles/pio_rotary_encoder.dir/C_/Program_Files_(x86)/Pico/pico-sdk/src/rp2_common/pico_printf/printf.c.obj
 .text._ntoa_long
                0x100023ac       0xbc CMakeFiles/pio_rotary_encoder.dir/C_/Program_Files_(x86)/Pico/pico-sdk/src/rp2_common/pico_printf/printf.c.obj
 .text._ntoa_long_long
                0x10002468       0xe2 CMakeFiles/pio_rotary_encoder.dir/C_/Program_Files_(x86)/Pico/pico-sdk/src/rp2_common/pico_printf/printf.c.obj
 *fill*         0x1000254a        0x2 
 .text._etoa    0x1000254c      0x414 CMakeFiles/pio_rotary_encoder.dir/C_/Program_Files_(x86)/Pico/pico-sdk/src/rp2_common/pico_printf/printf.c.obj
 .text._ftoa    0x10002960      0x354 CMakeFiles/pio_rotary_encoder.dir/C_/Program_Files_(x86)/Pico/pico-sdk/src/rp2_common/pico_printf/printf.c.obj
 .text._vsnprintf
                0x10002cb4      0x650 CMakeFiles/pio_rotary_encoder.dir/C_/Program_Files_(x86)/Pico/pico-sdk/src/rp2_common/pico_printf/printf.c.obj
 .text.vfctprintf
                0x10003304       0x20 CMakeFiles/pio_rotary_encoder.dir/C_/Program_Files_(x86)/Pico/pico-sdk/src/rp2_common/pico_printf/printf.c.obj
                0x10003304                vfctprintf
 .text          0x10003324       0x10 CMakeFiles/pio_rotary_encoder.dir/C_/Program_Files_(x86)/Pico/pico-sdk/src/rp2_common/pico_bit_ops/bit_ops_aeabi.S.obj
 .text.rom_func_lookup
                0x10003334       0x10 CMakeFiles/pio_rotary_encoder.dir/C_/Program_Files_(x86)/Pico/pico-sdk/src/rp2_common/pico_bootrom/bootrom.c.obj
                0x10003334                rom_func_lookup
 .text.rom_data_lookup
                0x10003344       0x10 CMakeFiles/pio_rotary_encoder.dir/C_/Program_Files_(x86)/Pico/pico-sdk/src/rp2_common/pico_bootrom/bootrom.c.obj
                0x10003344                rom_data_lookup
 .text.rom_funcs_lookup
                0x10003354       0x36 CMakeFiles/pio_rotary_encoder.dir/C_/Program_Files_(x86)/Pico/pico-sdk/src/rp2_common/pico_bootrom/bootrom.c.obj
                0x10003354                rom_funcs_lookup
 *fill*         0x1000338a        0x2 
 .text.__wrap___aeabi_idiv
                0x1000338c       0x50 CMakeFiles/pio_rotary_encoder.dir/C_/Program_Files_(x86)/Pico/pico-sdk/src/rp2_common/pico_divider/divider.S.obj
                0x1000338c                __wrap___aeabi_idivmod
                0x1000338c                divmod_s32s32
                0x1000338c                div_s32s32
                0x1000338c                __wrap___aeabi_idiv
                0x10003394                divmod_s32s32_unsafe
                0x100033c0                divmod_s32s32_savestate
 .text.__wrap___aeabi_uidiv
                0x100033dc       0x4c CMakeFiles/pio_rotary_encoder.dir/C_/Program_Files_(x86)/Pico/pico-sdk/src/rp2_common/pico_divider/divider.S.obj
                0x100033dc                __wrap___aeabi_uidiv
                0x100033dc                __wrap___aeabi_uidivmod
                0x100033dc                div_u32u32
                0x100033dc                divmod_u32u32
                0x100033e4                divmod_u32u32_unsafe
                0x1000340c                divmod_u32u32_savestate
 .text.__wrap___aeabi_ldiv
                0x10003428      0x434 CMakeFiles/pio_rotary_encoder.dir/C_/Program_Files_(x86)/Pico/pico-sdk/src/rp2_common/pico_divider/divider.S.obj
                0x10003428                div_s64s64
                0x10003428                divmod_s64s64
                0x10003428                __wrap___aeabi_ldivmod
                0x10003460                divmod_u64u64
                0x10003460                div_u64u64
                0x10003460                __wrap___aeabi_uldivmod
                0x10003470                divmod_u64u64_savestate
                0x10003498                divmod_s64s64_unsafe
                0x10003520                divmod_u64u64_unsafe
 .text.__wrap___aeabi_darithmetic
                0x1000385c       0x80 CMakeFiles/pio_rotary_encoder.dir/C_/Program_Files_(x86)/Pico/pico-sdk/src/rp2_common/pico_double/double_aeabi.S.obj
                0x1000385c                __wrap___aeabi_drsub
                0x10003862                __wrap___aeabi_dsub
                0x10003874                __wrap___aeabi_dadd
                0x10003886                __wrap___aeabi_ddiv
                0x100038c2                __wrap___aeabi_dmul
 .text.__wrap___aeabi_cdcmple
                0x100038dc       0x6c CMakeFiles/pio_rotary_encoder.dir/C_/Program_Files_(x86)/Pico/pico-sdk/src/rp2_common/pico_double/double_aeabi.S.obj
                0x100038dc                __wrap___aeabi_cdrcmple
                0x100038ec                __wrap___aeabi_cdcmpeq
                0x100038ec                __wrap___aeabi_cdcmple
 .text.__wrap___aeabi_dcmplt
                0x10003948        0xc CMakeFiles/pio_rotary_encoder.dir/C_/Program_Files_(x86)/Pico/pico-sdk/src/rp2_common/pico_double/double_aeabi.S.obj
                0x10003948                __wrap___aeabi_dcmplt
 .text.__wrap___aeabi_dcmple
                0x10003954       0x10 CMakeFiles/pio_rotary_encoder.dir/C_/Program_Files_(x86)/Pico/pico-sdk/src/rp2_common/pico_double/double_aeabi.S.obj
                0x10003954                __wrap___aeabi_dcmple
 .text.__wrap___aeabi_dcmpge
                0x10003964       0x10 CMakeFiles/pio_rotary_encoder.dir/C_/Program_Files_(x86)/Pico/pico-sdk/src/rp2_common/pico_double/double_aeabi.S.obj
                0x10003964                __wrap___aeabi_dcmpge
 .text.__wrap___aeabi_dcmpgt
                0x10003974        0xa CMakeFiles/pio_rotary_encoder.dir/C_/Program_Files_(x86)/Pico/pico-sdk/src/rp2_common/pico_double/double_aeabi.S.obj
                0x10003974                __wrap___aeabi_dcmpgt
 .text.__wrap___aeabi_dcmpun
                0x1000397e       0x1c CMakeFiles/pio_rotary_encoder.dir/C_/Program_Files_(x86)/Pico/pico-sdk/src/rp2_common/pico_double/double_aeabi.S.obj
                0x1000397e                __wrap___aeabi_dcmpun
 *fill*         0x1000399a        0x2 
 .text.__wrap___aeabi_i2d
                0x1000399c       0x38 CMakeFiles/pio_rotary_encoder.dir/C_/Program_Files_(x86)/Pico/pico-sdk/src/rp2_common/pico_double/double_aeabi.S.obj
                0x1000399c                __wrap___aeabi_ui2d
                0x100039a4                __wrap___aeabi_i2d
 .text.__wrap___aeabi_d2iz
                0x100039d4       0x48 CMakeFiles/pio_rotary_encoder.dir/C_/Program_Files_(x86)/Pico/pico-sdk/src/rp2_common/pico_double/double_aeabi.S.obj
                0x100039d4                double2int_z
                0x100039d4                __wrap___aeabi_d2iz
 .text.__wrap___aeabi_d2uiz
                0x10003a1c       0x18 CMakeFiles/pio_rotary_encoder.dir/C_/Program_Files_(x86)/Pico/pico-sdk/src/rp2_common/pico_double/double_aeabi.S.obj
                0x10003a1c                __wrap___aeabi_d2uiz
                0x10003a1c                double2uint
 .text.__aeabi_double_init
                0x10003a34       0xc8 CMakeFiles/pio_rotary_encoder.dir/C_/Program_Files_(x86)/Pico/pico-sdk/src/rp2_common/pico_double/double_init_rom.c.obj
                0x10003a34                __aeabi_double_init
 .text.double_table_shim_on_use_helper
                0x10003afc       0x34 CMakeFiles/pio_rotary_encoder.dir/C_/Program_Files_(x86)/Pico/pico-sdk/src/rp2_common/pico_double/double_v1_rom_shim.S.obj
                0x10003afc                double_table_shim_on_use_helper
 .text.__wrap___aeabi_dsub
                0x10003b30       0x10 CMakeFiles/pio_rotary_encoder.dir/C_/Program_Files_(x86)/Pico/pico-sdk/src/rp2_common/pico_double/double_v1_rom_shim.S.obj
                0x10003b30                drsub_shim
                0x10003b36                dsub_shim
 .text.dadd_shim
                0x10003b40      0x15c CMakeFiles/pio_rotary_encoder.dir/C_/Program_Files_(x86)/Pico/pico-sdk/src/rp2_common/pico_double/double_v1_rom_shim.S.obj
                0x10003b40                dadd_shim
 .text.dmul_shim
                0x10003c9c      0x15c CMakeFiles/pio_rotary_encoder.dir/C_/Program_Files_(x86)/Pico/pico-sdk/src/rp2_common/pico_double/double_v1_rom_shim.S.obj
                0x10003c9c                dmul_shim
 .text.ddiv_shim
                0x10003df8      0x1b0 CMakeFiles/pio_rotary_encoder.dir/C_/Program_Files_(x86)/Pico/pico-sdk/src/rp2_common/pico_double/double_v1_rom_shim.S.obj
                0x10003df8                ddiv_shim
 .text.double2uint_shim
                0x10003fa8        0xe CMakeFiles/pio_rotary_encoder.dir/C_/Program_Files_(x86)/Pico/pico-sdk/src/rp2_common/pico_double/double_v1_rom_shim.S.obj
                0x10003fa8                double2uint_shim
                0x10003faa                double2ufix_shim
 *fill*         0x10003fb6        0x2 
 .text.double2uint64_shim
                0x10003fb8       0x70 CMakeFiles/pio_rotary_encoder.dir/C_/Program_Files_(x86)/Pico/pico-sdk/src/rp2_common/pico_double/double_v1_rom_shim.S.obj
                0x10003fb8                double2uint64_shim
                0x10003fba                double2ufix64_shim
                0x10003fda                d2fix_a
 .text.dunpacks
                0x10004028       0x3c CMakeFiles/pio_rotary_encoder.dir/C_/Program_Files_(x86)/Pico/pico-sdk/src/rp2_common/pico_double/double_v1_rom_shim.S.obj
                0x10004028                dunpacks
 .text.__aeabi_lmul
                0x10004064       0x32 CMakeFiles/pio_rotary_encoder.dir/C_/Program_Files_(x86)/Pico/pico-sdk/src/rp2_common/pico_int64_ops/pico_int64_ops_aeabi.S.obj
                0x10004064                __wrap___aeabi_lmul
 *fill*         0x10004096        0x2 
 .text.__aeabi_float_init
                0x10004098       0xfc CMakeFiles/pio_rotary_encoder.dir/C_/Program_Files_(x86)/Pico/pico-sdk/src/rp2_common/pico_float/float_init_rom.c.obj
                0x10004098                __aeabi_float_init
 .text.float_table_shim_on_use_helper
                0x10004194       0x34 CMakeFiles/pio_rotary_encoder.dir/C_/Program_Files_(x86)/Pico/pico-sdk/src/rp2_common/pico_float/float_v1_rom_shim.S.obj
                0x10004194                float_table_shim_on_use_helper
 .text          0x100041c8       0x10 CMakeFiles/pio_rotary_encoder.dir/C_/Program_Files_(x86)/Pico/pico-sdk/src/rp2_common/pico_mem_ops/mem_ops_aeabi.S.obj
                0x100041c8                __aeabi_mem_init
 .text.memset   0x100041d8        0xc CMakeFiles/pio_rotary_encoder.dir/C_/Program_Files_(x86)/Pico/pico-sdk/src/rp2_common/pico_mem_ops/mem_ops_aeabi.S.obj
                0x100041d8                __wrap_memset
 .text.memcpy   0x100041e4        0xc CMakeFiles/pio_rotary_encoder.dir/C_/Program_Files_(x86)/Pico/pico-sdk/src/rp2_common/pico_mem_ops/mem_ops_aeabi.S.obj
                0x100041e4                __wrap_memcpy
                0x100041e4                __wrap___aeabi_memcpy
 .text.stdio_out_chars_no_crlf
                0x100041f0        0xe CMakeFiles/pio_rotary_encoder.dir/C_/Program_Files_(x86)/Pico/pico-sdk/src/rp2_common/pico_stdio/stdio.c.obj
 *fill*         0x100041fe        0x2 
 .text.stdio_out_chars_crlf
                0x10004200       0x80 CMakeFiles/pio_rotary_encoder.dir/C_/Program_Files_(x86)/Pico/pico-sdk/src/rp2_common/pico_stdio/stdio.c.obj
 .text.stdio_stack_buffer_flush
                0x10004280       0x44 CMakeFiles/pio_rotary_encoder.dir/C_/Program_Files_(x86)/Pico/pico-sdk/src/rp2_common/pico_stdio/stdio.c.obj
 .text.stdio_buffered_printer
                0x100042c4       0x20 CMakeFiles/pio_rotary_encoder.dir/C_/Program_Files_(x86)/Pico/pico-sdk/src/rp2_common/pico_stdio/stdio.c.obj
 .text.stdout_serialize_begin
                0x100042e4       0x30 CMakeFiles/pio_rotary_encoder.dir/C_/Program_Files_(x86)/Pico/pico-sdk/src/rp2_common/pico_stdio/stdio.c.obj
                0x100042e4                stdout_serialize_begin
 .text.stdout_serialize_end
                0x10004314       0x10 CMakeFiles/pio_rotary_encoder.dir/C_/Program_Files_(x86)/Pico/pico-sdk/src/rp2_common/pico_stdio/stdio.c.obj
                0x10004314                stdout_serialize_end
 .text.stdio_put_string
                0x10004324       0x98 CMakeFiles/pio_rotary_encoder.dir/C_/Program_Files_(x86)/Pico/pico-sdk/src/rp2_common/pico_stdio/stdio.c.obj
 .text.stdio_set_driver_enabled
                0x100043bc       0x38 CMakeFiles/pio_rotary_encoder.dir/C_/Program_Files_(x86)/Pico/pico-sdk/src/rp2_common/pico_stdio/stdio.c.obj
                0x100043bc                stdio_set_driver_enabled
 .text.stdio_flush
                0x100043f4       0x20 CMakeFiles/pio_rotary_encoder.dir/C_/Program_Files_(x86)/Pico/pico-sdk/src/rp2_common/pico_stdio/stdio.c.obj
                0x100043f4                stdio_flush
 .text.__wrap_puts
                0x10004414       0x1e CMakeFiles/pio_rotary_encoder.dir/C_/Program_Files_(x86)/Pico/pico-sdk/src/rp2_common/pico_stdio/stdio.c.obj
                0x10004414                __wrap_puts
 *fill*         0x10004432        0x2 
 .text.__wrap_vprintf
                0x10004434       0x44 CMakeFiles/pio_rotary_encoder.dir/C_/Program_Files_(x86)/Pico/pico-sdk/src/rp2_common/pico_stdio/stdio.c.obj
                0x10004434                __wrap_vprintf
 .text.__wrap_printf
                0x10004478       0x18 CMakeFiles/pio_rotary_encoder.dir/C_/Program_Files_(x86)/Pico/pico-sdk/src/rp2_common/pico_stdio/stdio.c.obj
                0x10004478                __wrap_printf
 .text.stdio_init_all
                0x10004490        0x8 CMakeFiles/pio_rotary_encoder.dir/C_/Program_Files_(x86)/Pico/pico-sdk/src/rp2_common/pico_stdio/stdio.c.obj
                0x10004490                stdio_init_all
 .text.stdio_uart_out_chars
                0x10004498       0x74 CMakeFiles/pio_rotary_encoder.dir/C_/Program_Files_(x86)/Pico/pico-sdk/src/rp2_common/pico_stdio_uart/stdio_uart.c.obj
 .text.stdio_uart_in_chars
                0x1000450c       0x58 CMakeFiles/pio_rotary_encoder.dir/C_/Program_Files_(x86)/Pico/pico-sdk/src/rp2_common/pico_stdio_uart/stdio_uart.c.obj
                0x1000450c                stdio_uart_in_chars
 .text.stdio_uart_init_full
                0x10004564       0x3c CMakeFiles/pio_rotary_encoder.dir/C_/Program_Files_(x86)/Pico/pico-sdk/src/rp2_common/pico_stdio_uart/stdio_uart.c.obj
                0x10004564                stdio_uart_init_full
 .text.stdio_uart_init
                0x100045a0       0x28 CMakeFiles/pio_rotary_encoder.dir/C_/Program_Files_(x86)/Pico/pico-sdk/src/rp2_common/pico_stdio_uart/stdio_uart.c.obj
                0x100045a0                stdio_uart_init
 .text._pio_can_add_program_at_offset
                0x100045c8       0x3c CMakeFiles/pio_rotary_encoder.dir/C_/Program_Files_(x86)/Pico/pico-sdk/src/rp2_common/hardware_pio/pio.c.obj
 .text._pio_find_offset_for_program
                0x10004604       0x7c CMakeFiles/pio_rotary_encoder.dir/C_/Program_Files_(x86)/Pico/pico-sdk/src/rp2_common/hardware_pio/pio.c.obj
 .text._pio_add_program_at_offset
                0x10004680       0x78 CMakeFiles/pio_rotary_encoder.dir/C_/Program_Files_(x86)/Pico/pico-sdk/src/rp2_common/hardware_pio/pio.c.obj
 .text.pio_add_program
                0x100046f8       0x38 CMakeFiles/pio_rotary_encoder.dir/C_/Program_Files_(x86)/Pico/pico-sdk/src/rp2_common/hardware_pio/pio.c.obj
                0x100046f8                pio_add_program
 .text.pio_sm_init
                0x10004730       0xd8 CMakeFiles/pio_rotary_encoder.dir/C_/Program_Files_(x86)/Pico/pico-sdk/src/rp2_common/hardware_pio/pio.c.obj
                0x10004730                pio_sm_init
 .text.strlen   0x10004808       0x5c c:/progra~2/armgnu~1/112202~1.02/bin/../lib/gcc/arm-none-eabi/11.2.1/thumb/v6-m/nofp\libg.a(lib_a-strlen-stub.o)
                0x10004808                strlen
 *(.fini)
 .fini          0x10004864        0x4 c:/progra~2/armgnu~1/112202~1.02/bin/../lib/gcc/arm-none-eabi/11.2.1/thumb/v6-m/nofp/crti.o
                0x10004864                _fini
 .fini.__stub   0x10004868       0x50 linker stubs
 *crtbegin.o(.ctors)
 *crtbegin?.o(.ctors)
 *(EXCLUDE_FILE(*crtend.o *crtend?.o) .ctors)
 *(SORT_BY_NAME(.ctors.*))
 *(.ctors)
 *crtbegin.o(.dtors)
 *crtbegin?.o(.dtors)
 *(EXCLUDE_FILE(*crtend.o *crtend?.o) .dtors)
 *(SORT_BY_NAME(.dtors.*))
 *(.dtors)
 *(.eh_frame*)
 .eh_frame      0x100048b8        0x0 c:/progra~2/armgnu~1/112202~1.02/bin/../lib/gcc/arm-none-eabi/11.2.1/thumb/v6-m/nofp/crtbegin.o
                0x100048b8                . = ALIGN (0x4)

.glue_7         0x100048b8        0x0
 .glue_7        0x100048b8        0x0 linker stubs

.glue_7t        0x100048b8        0x0
 .glue_7t       0x100048b8        0x0 linker stubs

.vfp11_veneer   0x100048b8        0x0
 .vfp11_veneer  0x100048b8        0x0 linker stubs

.v4_bx          0x100048b8        0x0
 .v4_bx         0x100048b8        0x0 linker stubs

.iplt           0x100048b8        0x0
 .iplt          0x100048b8        0x0 c:/progra~2/armgnu~1/112202~1.02/bin/../lib/gcc/arm-none-eabi/11.2.1/thumb/v6-m/nofp/crtbegin.o

.rodata         0x100048b8      0xfa0
 *(EXCLUDE_FILE(*libm.a: *libc.a:*lib_a-mem*.o *libgcc.a:) .rodata*)
 .rodata.main.str1.4
                0x100048b8        0xd CMakeFiles/pio_rotary_encoder.dir/pio_rotary_encoder.cpp.obj
 *fill*         0x100048c5        0x3 
 .rodata._ZL26pio_rotary_encoder_program
                0x100048c8        0x6 CMakeFiles/pio_rotary_encoder.dir/pio_rotary_encoder.cpp.obj
 *fill*         0x100048ce        0x2 
 .rodata._ZL39pio_rotary_encoder_program_instructions
                0x100048d0       0x30 CMakeFiles/pio_rotary_encoder.dir/pio_rotary_encoder.cpp.obj
 .rodata.repeating_timer_callback.str1.4
                0x10004900       0x55 CMakeFiles/pio_rotary_encoder.dir/C_/Program_Files_(x86)/Pico/pico-sdk/src/common/pico_time/time.c.obj
 *fill*         0x10004955        0x3 
 .rodata.alarm_pool_dump_key.str1.4
                0x10004958       0x33 CMakeFiles/pio_rotary_encoder.dir/C_/Program_Files_(x86)/Pico/pico-sdk/src/common/pico_time/time.c.obj
 *fill*         0x1000498b        0x1 
 .rodata.ph_add_child_node.str1.4
                0x1000498c       0x92 CMakeFiles/pio_rotary_encoder.dir/C_/Program_Files_(x86)/Pico/pico-sdk/src/common/pico_time/time.c.obj
 *fill*         0x10004a1e        0x2 
 .rodata.add_alarm_under_lock.str1.4
                0x10004a20       0x28 CMakeFiles/pio_rotary_encoder.dir/C_/Program_Files_(x86)/Pico/pico-sdk/src/common/pico_time/time.c.obj
                                 0x2b (size before relaxing)
 .rodata.alarm_pool_alarm_callback.str1.4
                0x10004a48       0xe2 CMakeFiles/pio_rotary_encoder.dir/C_/Program_Files_(x86)/Pico/pico-sdk/src/common/pico_time/time.c.obj
 *fill*         0x10004b2a        0x2 
 .rodata.alarm_pool_get_default.str1.4
                0x10004b2c       0x21 CMakeFiles/pio_rotary_encoder.dir/C_/Program_Files_(x86)/Pico/pico-sdk/src/common/pico_time/time.c.obj
 *fill*         0x10004b4d        0x3 
 .rodata.sleep_until.str1.4
                0x10004b50       0x4d CMakeFiles/pio_rotary_encoder.dir/C_/Program_Files_(x86)/Pico/pico-sdk/src/common/pico_time/time.c.obj
 *fill*         0x10004b9d        0x3 
 .rodata.__func__.10
                0x10004ba0       0x15 CMakeFiles/pio_rotary_encoder.dir/C_/Program_Files_(x86)/Pico/pico-sdk/src/common/pico_time/time.c.obj
 *fill*         0x10004bb5        0x3 
 .rodata.__func__.11
                0x10004bb8       0x1a CMakeFiles/pio_rotary_encoder.dir/C_/Program_Files_(x86)/Pico/pico-sdk/src/common/pico_time/time.c.obj
 *fill*         0x10004bd2        0x2 
 .rodata.__func__.12
                0x10004bd4        0xa CMakeFiles/pio_rotary_encoder.dir/C_/Program_Files_(x86)/Pico/pico-sdk/src/common/pico_time/time.c.obj
 *fill*         0x10004bde        0x2 
 .rodata.__func__.3
                0x10004be0       0x17 CMakeFiles/pio_rotary_encoder.dir/C_/Program_Files_(x86)/Pico/pico-sdk/src/common/pico_time/time.c.obj
 *fill*         0x10004bf7        0x1 
 .rodata.__func__.4
                0x10004bf8       0x12 CMakeFiles/pio_rotary_encoder.dir/C_/Program_Files_(x86)/Pico/pico-sdk/src/common/pico_time/time.c.obj
 *fill*         0x10004c0a        0x2 
 .rodata.__func__.5
                0x10004c0c        0xd CMakeFiles/pio_rotary_encoder.dir/C_/Program_Files_(x86)/Pico/pico-sdk/src/common/pico_time/time.c.obj
 *fill*         0x10004c19        0x3 
 .rodata.__func__.6
                0x10004c1c       0x12 CMakeFiles/pio_rotary_encoder.dir/C_/Program_Files_(x86)/Pico/pico-sdk/src/common/pico_time/time.c.obj
 *fill*         0x10004c2e        0x2 
 .rodata.__func__.7
                0x10004c30        0xf CMakeFiles/pio_rotary_encoder.dir/C_/Program_Files_(x86)/Pico/pico-sdk/src/common/pico_time/time.c.obj
 *fill*         0x10004c3f        0x1 
 .rodata.__func__.8
                0x10004c40        0xc CMakeFiles/pio_rotary_encoder.dir/C_/Program_Files_(x86)/Pico/pico-sdk/src/common/pico_time/time.c.obj
 .rodata.__func__.9
                0x10004c4c       0x15 CMakeFiles/pio_rotary_encoder.dir/C_/Program_Files_(x86)/Pico/pico-sdk/src/common/pico_time/time.c.obj
 *fill*         0x10004c61        0x3 
 .rodata.hardware_alarm_claim.str1.4
                0x10004c64       0x22 CMakeFiles/pio_rotary_encoder.dir/C_/Program_Files_(x86)/Pico/pico-sdk/src/rp2_common/hardware_timer/timer.c.obj
 *fill*         0x10004c86        0x2 
 .rodata.hardware_alarm_set_target.str1.4
                0x10004c88       0x6f CMakeFiles/pio_rotary_encoder.dir/C_/Program_Files_(x86)/Pico/pico-sdk/src/rp2_common/hardware_timer/timer.c.obj
 *fill*         0x10004cf7        0x1 
 .rodata.__func__.0
                0x10004cf8       0x1a CMakeFiles/pio_rotary_encoder.dir/C_/Program_Files_(x86)/Pico/pico-sdk/src/rp2_common/hardware_timer/timer.c.obj
 *fill*         0x10004d12        0x2 
 .rodata.str1.4
                0x10004d14       0x95 CMakeFiles/pio_rotary_encoder.dir/C_/Program_Files_(x86)/Pico/pico-sdk/src/common/pico_sync/mutex.c.obj
                                 0xf5 (size before relaxing)
 *fill*         0x10004da9        0x3 
 .rodata.__func__.1
                0x10004dac        0xb CMakeFiles/pio_rotary_encoder.dir/C_/Program_Files_(x86)/Pico/pico-sdk/src/common/pico_sync/mutex.c.obj
 .rodata.ph_add_child_node.str1.4
                0x10004db7       0x92 CMakeFiles/pio_rotary_encoder.dir/C_/Program_Files_(x86)/Pico/pico-sdk/src/common/pico_util/pheap.c.obj
 *fill*         0x10004db7        0x1 
 .rodata.ph_remove_any_head.str1.4
                0x10004db8       0x98 CMakeFiles/pio_rotary_encoder.dir/C_/Program_Files_(x86)/Pico/pico-sdk/src/common/pico_util/pheap.c.obj
 .rodata.ph_remove_and_free_node.str1.4
                0x10004e50       0x26 CMakeFiles/pio_rotary_encoder.dir/C_/Program_Files_(x86)/Pico/pico-sdk/src/common/pico_util/pheap.c.obj
 *fill*         0x10004e76        0x2 
 .rodata.__func__.0
                0x10004e78       0x18 CMakeFiles/pio_rotary_encoder.dir/C_/Program_Files_(x86)/Pico/pico-sdk/src/common/pico_util/pheap.c.obj
 .rodata.__func__.1
                0x10004e90       0x13 CMakeFiles/pio_rotary_encoder.dir/C_/Program_Files_(x86)/Pico/pico-sdk/src/common/pico_util/pheap.c.obj
 *fill*         0x10004ea3        0x1 
 .rodata.__func__.2
                0x10004ea4       0x12 CMakeFiles/pio_rotary_encoder.dir/C_/Program_Files_(x86)/Pico/pico-sdk/src/common/pico_util/pheap.c.obj
 *fill*         0x10004eb6        0x2 
 .rodata.__func__.3
                0x10004eb8        0xc CMakeFiles/pio_rotary_encoder.dir/C_/Program_Files_(x86)/Pico/pico-sdk/src/common/pico_util/pheap.c.obj
 .rodata.__assert_func.str1.4
                0x10004ec4       0x3f CMakeFiles/pio_rotary_encoder.dir/C_/Program_Files_(x86)/Pico/pico-sdk/src/rp2_common/pico_runtime/runtime.c.obj
                                 0x43 (size before relaxing)
 *fill*         0x10004f03        0x1 
 .rodata.runtime_init.str1.4
                0x10004f04       0x6b CMakeFiles/pio_rotary_encoder.dir/C_/Program_Files_(x86)/Pico/pico-sdk/src/rp2_common/pico_runtime/runtime.c.obj
 *fill*         0x10004f6f        0x1 
 .rodata.panic.str1.4
                0x10004f70       0x12 CMakeFiles/pio_rotary_encoder.dir/C_/Program_Files_(x86)/Pico/pico-sdk/src/rp2_common/pico_runtime/runtime.c.obj
 *fill*         0x10004f82        0x2 
 .rodata.__func__.1
                0x10004f84        0xd CMakeFiles/pio_rotary_encoder.dir/C_/Program_Files_(x86)/Pico/pico-sdk/src/rp2_common/pico_runtime/runtime.c.obj
 *fill*         0x10004f91        0x3 
 .rodata.clock_configure.str1.4
                0x10004f94       0x61 CMakeFiles/pio_rotary_encoder.dir/C_/Program_Files_(x86)/Pico/pico-sdk/src/rp2_common/hardware_clocks/clocks.c.obj
 *fill*         0x10004ff5        0x3 
 .rodata.__func__.1
                0x10004ff8       0x10 CMakeFiles/pio_rotary_encoder.dir/C_/Program_Files_(x86)/Pico/pico-sdk/src/rp2_common/hardware_clocks/clocks.c.obj
 .rodata.make_branch.str1.4
                0x10005008       0x57 CMakeFiles/pio_rotary_encoder.dir/C_/Program_Files_(x86)/Pico/pico-sdk/src/rp2_common/hardware_irq/irq.c.obj
 *fill*         0x1000505f        0x1 
 .rodata.irq_set_exclusive_handler.str1.4
                0x10005060       0x36 CMakeFiles/pio_rotary_encoder.dir/C_/Program_Files_(x86)/Pico/pico-sdk/src/rp2_common/hardware_irq/irq.c.obj
 *fill*         0x10005096        0x2 
 .rodata.irq_add_shared_handler.str1.4
                0x10005098       0xd9 CMakeFiles/pio_rotary_encoder.dir/C_/Program_Files_(x86)/Pico/pico-sdk/src/rp2_common/hardware_irq/irq.c.obj
 *fill*         0x10005171        0x3 
 .rodata.irq_remove_handler.str1.4
                0x10005174       0x2a CMakeFiles/pio_rotary_encoder.dir/C_/Program_Files_(x86)/Pico/pico-sdk/src/rp2_common/hardware_irq/irq.c.obj
 *fill*         0x1000519e        0x2 
 .rodata.irq_add_tail_to_free_list.str1.4
                0x100051a0       0x32 CMakeFiles/pio_rotary_encoder.dir/C_/Program_Files_(x86)/Pico/pico-sdk/src/rp2_common/hardware_irq/irq.c.obj
                                 0x3a (size before relaxing)
 *fill*         0x100051d2        0x2 
 .rodata.__func__.0
                0x100051d4       0x1a CMakeFiles/pio_rotary_encoder.dir/C_/Program_Files_(x86)/Pico/pico-sdk/src/rp2_common/hardware_irq/irq.c.obj
 *fill*         0x100051ee        0x2 
 .rodata.__func__.1
                0x100051f0       0x17 CMakeFiles/pio_rotary_encoder.dir/C_/Program_Files_(x86)/Pico/pico-sdk/src/rp2_common/hardware_irq/irq.c.obj
 *fill*         0x10005207        0x1 
 .rodata.__func__.2
                0x10005208       0x13 CMakeFiles/pio_rotary_encoder.dir/C_/Program_Files_(x86)/Pico/pico-sdk/src/rp2_common/hardware_irq/irq.c.obj
 *fill*         0x1000521b        0x1 
 .rodata.__func__.3
                0x1000521c        0xc CMakeFiles/pio_rotary_encoder.dir/C_/Program_Files_(x86)/Pico/pico-sdk/src/rp2_common/hardware_irq/irq.c.obj
 .rodata.__func__.4
                0x10005228        0xf CMakeFiles/pio_rotary_encoder.dir/C_/Program_Files_(x86)/Pico/pico-sdk/src/rp2_common/hardware_irq/irq.c.obj
 *fill*         0x10005237        0x1 
 .rodata.__func__.6
                0x10005238       0x1a CMakeFiles/pio_rotary_encoder.dir/C_/Program_Files_(x86)/Pico/pico-sdk/src/rp2_common/hardware_irq/irq.c.obj
 *fill*         0x10005252        0x2 
 .rodata.pll_init.str1.4
                0x10005254       0xe3 CMakeFiles/pio_rotary_encoder.dir/C_/Program_Files_(x86)/Pico/pico-sdk/src/rp2_common/hardware_pll/pll.c.obj
 *fill*         0x10005337        0x1 
 .rodata.__func__.0
                0x10005338        0x9 CMakeFiles/pio_rotary_encoder.dir/C_/Program_Files_(x86)/Pico/pico-sdk/src/rp2_common/hardware_pll/pll.c.obj
 *fill*         0x10005341        0x3 
 .rodata._ftoa.str1.4
                0x10005344       0x15 CMakeFiles/pio_rotary_encoder.dir/C_/Program_Files_(x86)/Pico/pico-sdk/src/rp2_common/pico_printf/printf.c.obj
 *fill*         0x10005359        0x3 
 .rodata._vsnprintf
                0x1000535c      0x19c CMakeFiles/pio_rotary_encoder.dir/C_/Program_Files_(x86)/Pico/pico-sdk/src/rp2_common/pico_printf/printf.c.obj
 .rodata.pow10.0
                0x100054f8       0x50 CMakeFiles/pio_rotary_encoder.dir/C_/Program_Files_(x86)/Pico/pico-sdk/src/rp2_common/pico_printf/printf.c.obj
 .rodata.__aeabi_double_init.str1.4
                0x10005548       0xb2 CMakeFiles/pio_rotary_encoder.dir/C_/Program_Files_(x86)/Pico/pico-sdk/src/rp2_common/pico_double/double_init_rom.c.obj
 *fill*         0x100055fa        0x2 
 .rodata.__func__.0
                0x100055fc       0x14 CMakeFiles/pio_rotary_encoder.dir/C_/Program_Files_(x86)/Pico/pico-sdk/src/rp2_common/pico_double/double_init_rom.c.obj
 .rodata.__aeabi_float_init.str1.4
                0x10005610       0x84 CMakeFiles/pio_rotary_encoder.dir/C_/Program_Files_(x86)/Pico/pico-sdk/src/rp2_common/pico_float/float_init_rom.c.obj
                                 0x88 (size before relaxing)
 .rodata.__func__.0
                0x10005694       0x13 CMakeFiles/pio_rotary_encoder.dir/C_/Program_Files_(x86)/Pico/pico-sdk/src/rp2_common/pico_float/float_init_rom.c.obj
 *fill*         0x100056a7        0x1 
 .rodata.str1.4
                0x100056a8       0x94 CMakeFiles/pio_rotary_encoder.dir/C_/Program_Files_(x86)/Pico/pico-sdk/src/rp2_common/pico_standard_link/binary_info.c.obj
 .rodata.__bi_44
                0x1000573c        0xc CMakeFiles/pio_rotary_encoder.dir/C_/Program_Files_(x86)/Pico/pico-sdk/src/rp2_common/pico_standard_link/binary_info.c.obj
 .rodata.__bi_69
                0x10005748        0xc CMakeFiles/pio_rotary_encoder.dir/C_/Program_Files_(x86)/Pico/pico-sdk/src/rp2_common/pico_standard_link/binary_info.c.obj
 .rodata.__bi_75
                0x10005754        0xc CMakeFiles/pio_rotary_encoder.dir/C_/Program_Files_(x86)/Pico/pico-sdk/src/rp2_common/pico_standard_link/binary_info.c.obj
 .rodata.__bi_81
                0x10005760        0xc CMakeFiles/pio_rotary_encoder.dir/C_/Program_Files_(x86)/Pico/pico-sdk/src/rp2_common/pico_standard_link/binary_info.c.obj
 .rodata.crlf_str.3
                0x1000576c        0x2 CMakeFiles/pio_rotary_encoder.dir/C_/Program_Files_(x86)/Pico/pico-sdk/src/rp2_common/pico_stdio/stdio.c.obj
 *fill*         0x1000576e        0x2 
 .rodata.str1.4
                0x10005770       0x2c CMakeFiles/pio_rotary_encoder.dir/C_/Program_Files_(x86)/Pico/pico-sdk/src/rp2_common/pico_stdio_uart/stdio_uart.c.obj
 .rodata.__bi_28.4
                0x1000579c        0xc CMakeFiles/pio_rotary_encoder.dir/C_/Program_Files_(x86)/Pico/pico-sdk/src/rp2_common/pico_stdio_uart/stdio_uart.c.obj
 .rodata.__bi_29.5
                0x100057a8        0x8 CMakeFiles/pio_rotary_encoder.dir/C_/Program_Files_(x86)/Pico/pico-sdk/src/rp2_common/pico_stdio_uart/stdio_uart.c.obj
 .rodata._pio_find_offset_for_program.str1.4
                0x100057b0       0x73 CMakeFiles/pio_rotary_encoder.dir/C_/Program_Files_(x86)/Pico/pico-sdk/src/rp2_common/hardware_pio/pio.c.obj
 *fill*         0x10005823        0x1 
 .rodata._pio_add_program_at_offset.str1.4
                0x10005824       0x11 CMakeFiles/pio_rotary_encoder.dir/C_/Program_Files_(x86)/Pico/pico-sdk/src/rp2_common/hardware_pio/pio.c.obj
 *fill*         0x10005835        0x3 
 .rodata.__func__.1
                0x10005838       0x1d CMakeFiles/pio_rotary_encoder.dir/C_/Program_Files_(x86)/Pico/pico-sdk/src/rp2_common/hardware_pio/pio.c.obj
                0x10005858                . = ALIGN (0x4)
 *fill*         0x10005855        0x3 
 *(SORT_BY_ALIGNMENT(SORT_BY_NAME(.flashdata*)))
                0x10005858                . = ALIGN (0x4)

.rel.dyn        0x10005858        0x0
 .rel.iplt      0x10005858        0x0 c:/progra~2/armgnu~1/112202~1.02/bin/../lib/gcc/arm-none-eabi/11.2.1/thumb/v6-m/nofp/crtbegin.o

.ARM.extab
 *(.ARM.extab* .gnu.linkonce.armextab.*)
                0x10005858                __exidx_start = .

.ARM.exidx
 *(.ARM.exidx* .gnu.linkonce.armexidx.*)
                0x10005858                __exidx_end = .
                0x10005858                . = ALIGN (0x4)
                0x10005858                __binary_info_start = .

.binary_info    0x10005858       0x28
 *(.binary_info.keep.*)
 .binary_info.keep.__bi_ptr22
                0x10005858        0x4 CMakeFiles/pio_rotary_encoder.dir/C_/Program_Files_(x86)/Pico/pico-sdk/src/rp2_common/pico_standard_link/binary_info.c.obj
 .binary_info.keep.__bi_ptr30
                0x1000585c        0x4 CMakeFiles/pio_rotary_encoder.dir/C_/Program_Files_(x86)/Pico/pico-sdk/src/rp2_common/pico_standard_link/binary_info.c.obj
 .binary_info.keep.__bi_ptr38
                0x10005860        0x4 CMakeFiles/pio_rotary_encoder.dir/C_/Program_Files_(x86)/Pico/pico-sdk/src/rp2_common/pico_standard_link/binary_info.c.obj
 .binary_info.keep.__bi_ptr44
                0x10005864        0x4 CMakeFiles/pio_rotary_encoder.dir/C_/Program_Files_(x86)/Pico/pico-sdk/src/rp2_common/pico_standard_link/binary_info.c.obj
 .binary_info.keep.__bi_ptr50
                0x10005868        0x4 CMakeFiles/pio_rotary_encoder.dir/C_/Program_Files_(x86)/Pico/pico-sdk/src/rp2_common/pico_standard_link/binary_info.c.obj
 .binary_info.keep.__bi_ptr69
                0x1000586c        0x4 CMakeFiles/pio_rotary_encoder.dir/C_/Program_Files_(x86)/Pico/pico-sdk/src/rp2_common/pico_standard_link/binary_info.c.obj
 .binary_info.keep.__bi_ptr75
                0x10005870        0x4 CMakeFiles/pio_rotary_encoder.dir/C_/Program_Files_(x86)/Pico/pico-sdk/src/rp2_common/pico_standard_link/binary_info.c.obj
 .binary_info.keep.__bi_ptr81
                0x10005874        0x4 CMakeFiles/pio_rotary_encoder.dir/C_/Program_Files_(x86)/Pico/pico-sdk/src/rp2_common/pico_standard_link/binary_info.c.obj
 *(.binary_info.*)
 .binary_info.__bi_ptr28
                0x10005878        0x4 CMakeFiles/pio_rotary_encoder.dir/C_/Program_Files_(x86)/Pico/pico-sdk/src/rp2_common/pico_stdio_uart/stdio_uart.c.obj
 .binary_info.__bi_ptr29
                0x1000587c        0x4 CMakeFiles/pio_rotary_encoder.dir/C_/Program_Files_(x86)/Pico/pico-sdk/src/rp2_common/pico_stdio_uart/stdio_uart.c.obj
                0x10005880                __binary_info_end = .
                0x10005880                . = ALIGN (0x4)
                0x10005880                __etext = .

.ram_vector_table
                0x20000000       0xc0
 *(.ram_vector_table)
 .ram_vector_table
                0x20000000       0xc0 CMakeFiles/pio_rotary_encoder.dir/C_/Program_Files_(x86)/Pico/pico-sdk/src/rp2_common/pico_runtime/runtime.c.obj
                0x20000000                ram_vector_table

.data           0x200000c0      0x1f0 load address 0x10005880
                0x200000c0                __data_start__ = .
 *(vtable)
 *(.time_critical*)
 .time_critical.mutex_enter_blocking
                0x200000c0       0x48 CMakeFiles/pio_rotary_encoder.dir/C_/Program_Files_(x86)/Pico/pico-sdk/src/common/pico_sync/mutex.c.obj
                0x200000c0                mutex_enter_blocking
 .time_critical.mutex_try_enter
                0x20000108       0x46 CMakeFiles/pio_rotary_encoder.dir/C_/Program_Files_(x86)/Pico/pico-sdk/src/common/pico_sync/mutex.c.obj
                0x20000108                mutex_try_enter
 *fill*         0x2000014e        0x2 
 .time_critical.mutex_exit
                0x20000150       0x4c CMakeFiles/pio_rotary_encoder.dir/C_/Program_Files_(x86)/Pico/pico-sdk/src/common/pico_sync/mutex.c.obj
                0x20000150                mutex_exit
 *(.text*)
 .text          0x2000019c        0x4 c:/progra~2/armgnu~1/112202~1.02/bin/../lib/gcc/arm-none-eabi/11.2.1/thumb/v6-m/nofp\libgcc.a(_dvmd_tls.o)
                0x2000019c                __aeabi_idiv0
                0x2000019c                __aeabi_ldiv0
 .text.__stub   0x200001a0       0x10 linker stubs
                0x200001b0                . = ALIGN (0x4)
 *(.rodata*)
                0x200001b0                . = ALIGN (0x4)
 *(.data*)
 .data.EncoderPorts
                0x200001b0        0x8 CMakeFiles/pio_rotary_encoder.dir/pio_rotary_encoder.cpp.obj
                0x200001b0                EncoderPorts
 .data.NixieAnodes
                0x200001b8        0xc CMakeFiles/pio_rotary_encoder.dir/pio_rotary_encoder.cpp.obj
                0x200001b8                NixieAnodes
 .data.NixieBuffer
                0x200001c4        0xc CMakeFiles/pio_rotary_encoder.dir/pio_rotary_encoder.cpp.obj
                0x200001c4                NixieBuffer
 .data.NixieCathodes
                0x200001d0       0x10 CMakeFiles/pio_rotary_encoder.dir/pio_rotary_encoder.cpp.obj
                0x200001d0                NixieCathodes
 .data.striped_spin_lock_num
                0x200001e0        0x1 CMakeFiles/pio_rotary_encoder.dir/C_/Program_Files_(x86)/Pico/pico-sdk/src/rp2_common/hardware_sync/sync.c.obj
 *fill*         0x200001e1        0x3 
 .data.default_alarm_pool
                0x200001e4       0x18 CMakeFiles/pio_rotary_encoder.dir/C_/Program_Files_(x86)/Pico/pico-sdk/src/common/pico_time/time.c.obj
 .data.default_alarm_pool_heap
                0x200001fc       0x10 CMakeFiles/pio_rotary_encoder.dir/C_/Program_Files_(x86)/Pico/pico-sdk/src/common/pico_time/time.c.obj
 .data          0x2000020c       0x48 CMakeFiles/pio_rotary_encoder.dir/C_/Program_Files_(x86)/Pico/pico-sdk/src/rp2_common/hardware_irq/irq_handler_chain.S.obj
                0x2000020c                irq_handler_chain_slots
                0x2000023c                irq_handler_chain_first_slot
                0x20000246                irq_handler_chain_remove_tail
 *fill*         0x20000254        0xc 
 .data.aeabi_bits_funcs
                0x20000260       0x10 CMakeFiles/pio_rotary_encoder.dir/C_/Program_Files_(x86)/Pico/pico-sdk/src/rp2_common/pico_bit_ops/bit_ops_aeabi.S.obj
                0x20000260                aeabi_bits_funcs
                0x20000270                aeabi_bits_funcs_end
 .data.aeabi_mem_funcs
                0x20000270       0x10 CMakeFiles/pio_rotary_encoder.dir/C_/Program_Files_(x86)/Pico/pico-sdk/src/rp2_common/pico_mem_ops/mem_ops_aeabi.S.obj
                0x20000270                aeabi_mem_funcs
                0x20000280                aeabi_mem_funcs_end
 .data.stdio_uart
                0x20000280       0x14 CMakeFiles/pio_rotary_encoder.dir/C_/Program_Files_(x86)/Pico/pico-sdk/src/rp2_common/pico_stdio_uart/stdio_uart.c.obj
                0x20000280                stdio_uart
                0x20000294                . = ALIGN (0x4)
 *(.after_data.*)
                0x20000294                . = ALIGN (0x4)
                0x20000294                PROVIDE (__mutex_array_start = .)
 *(SORT_BY_NAME(.mutex_array.*))
 *(.mutex_array)
 .mutex_array   0x20000294        0x8 CMakeFiles/pio_rotary_encoder.dir/C_/Program_Files_(x86)/Pico/pico-sdk/src/rp2_common/pico_stdio/stdio.c.obj
                0x2000029c                PROVIDE (__mutex_array_end = .)
                0x2000029c                . = ALIGN (0x4)
                0x2000029c                PROVIDE (__preinit_array_start = .)
 *(SORT_BY_NAME(.preinit_array.*))
 .preinit_array.00001
                0x2000029c        0x4 CMakeFiles/pio_rotary_encoder.dir/C_/Program_Files_(x86)/Pico/pico-sdk/src/rp2_common/pico_mem_ops/mem_ops_aeabi.S.obj
 .preinit_array.00010
                0x200002a0        0x4 CMakeFiles/pio_rotary_encoder.dir/C_/Program_Files_(x86)/Pico/pico-sdk/src/rp2_common/pico_bit_ops/bit_ops_aeabi.S.obj
 .preinit_array.00020
                0x200002a4        0x4 CMakeFiles/pio_rotary_encoder.dir/C_/Program_Files_(x86)/Pico/pico-sdk/src/rp2_common/pico_double/double_aeabi.S.obj
 .preinit_array.00020
                0x200002a8        0x4 CMakeFiles/pio_rotary_encoder.dir/C_/Program_Files_(x86)/Pico/pico-sdk/src/rp2_common/pico_float/float_aeabi.S.obj
 *(.preinit_array)
                0x200002ac                PROVIDE (__preinit_array_end = .)
                0x200002ac                . = ALIGN (0x4)
                0x200002ac                PROVIDE (__init_array_start = .)
 *(SORT_BY_NAME(.init_array.*))
 *(.init_array)
 .init_array    0x200002ac        0x4 c:/progra~2/armgnu~1/112202~1.02/bin/../lib/gcc/arm-none-eabi/11.2.1/thumb/v6-m/nofp/crtbegin.o
                0x200002b0                PROVIDE (__init_array_end = .)
                0x200002b0                . = ALIGN (0x4)
                [!provide]                PROVIDE (__fini_array_start = .)
 *(SORT_BY_NAME(.fini_array.*))
 *(.fini_array)
                [!provide]                PROVIDE (__fini_array_end = .)
 *(.jcr)
                0x200002b0                . = ALIGN (0x4)
                0x200002b0                __data_end__ = .

.tm_clone_table
                0x200002b0        0x0 load address 0x10005a70
 .tm_clone_table
                0x200002b0        0x0 c:/progra~2/armgnu~1/112202~1.02/bin/../lib/gcc/arm-none-eabi/11.2.1/thumb/v6-m/nofp/crtbegin.o
 .tm_clone_table
                0x200002b0        0x0 c:/progra~2/armgnu~1/112202~1.02/bin/../lib/gcc/arm-none-eabi/11.2.1/thumb/v6-m/nofp/crtend.o

.igot.plt       0x200002b0        0x0 load address 0x10005a70
 .igot.plt      0x200002b0        0x0 c:/progra~2/armgnu~1/112202~1.02/bin/../lib/gcc/arm-none-eabi/11.2.1/thumb/v6-m/nofp/crtbegin.o

.uninitialized_data
                0x200002b0        0x0 load address 0x10005a70
                0x200002b0                . = ALIGN (0x4)
 *(.uninitialized_data*)

.scratch_x      0x20040000        0x0 load address 0x10005a70
                0x20040000                __scratch_x_start__ = .
 *(.scratch_x.*)
                0x20040000                . = ALIGN (0x4)
                0x20040000                __scratch_x_end__ = .
                0x10005a70                __scratch_x_source__ = LOADADDR (.scratch_x)

.scratch_y      0x20041000        0x0 load address 0x10005a70
                0x20041000                __scratch_y_start__ = .
 *(.scratch_y.*)
                0x20041000                . = ALIGN (0x4)
                0x20041000                __scratch_y_end__ = .
                0x10005a70                __scratch_y_source__ = LOADADDR (.scratch_y)

.bss            0x200002b0      0x3d8
                0x200002b0                . = ALIGN (0x4)
                0x200002b0                __bss_start__ = .
 *(SORT_BY_ALIGNMENT(SORT_BY_NAME(.bss*)))
 .bss.default_alarm_pool_entries
                0x200002b0      0x100 CMakeFiles/pio_rotary_encoder.dir/C_/Program_Files_(x86)/Pico/pico-sdk/src/common/pico_time/time.c.obj
 .bss._ZN13RotaryEncoder8rotationE
                0x200003b0        0x4 CMakeFiles/pio_rotary_encoder.dir/pio_rotary_encoder.cpp.obj
                0x200003b0                _ZN13RotaryEncoder8rotationE
 .bss._used_instruction_space
                0x200003b4        0x8 CMakeFiles/pio_rotary_encoder.dir/C_/Program_Files_(x86)/Pico/pico-sdk/src/rp2_common/hardware_pio/pio.c.obj
 .bss.alarm_callbacks
                0x200003bc       0x10 CMakeFiles/pio_rotary_encoder.dir/C_/Program_Files_(x86)/Pico/pico-sdk/src/rp2_common/hardware_timer/timer.c.obj
 .bss.configured_freq
                0x200003cc       0x28 CMakeFiles/pio_rotary_encoder.dir/C_/Program_Files_(x86)/Pico/pico-sdk/src/rp2_common/hardware_clocks/clocks.c.obj
 .bss.default_alarm_pool_entry_ids_high
                0x200003f4       0x10 CMakeFiles/pio_rotary_encoder.dir/C_/Program_Files_(x86)/Pico/pico-sdk/src/common/pico_time/time.c.obj
 .bss.default_alarm_pool_heap_nodes
                0x20000404       0x30 CMakeFiles/pio_rotary_encoder.dir/C_/Program_Files_(x86)/Pico/pico-sdk/src/common/pico_time/time.c.obj
 .bss.drivers   0x20000434        0x4 CMakeFiles/pio_rotary_encoder.dir/C_/Program_Files_(x86)/Pico/pico-sdk/src/rp2_common/pico_stdio/stdio.c.obj
 .bss.filter    0x20000438        0x4 CMakeFiles/pio_rotary_encoder.dir/C_/Program_Files_(x86)/Pico/pico-sdk/src/rp2_common/pico_stdio/stdio.c.obj
 .bss.object.0  0x2000043c       0x18 c:/progra~2/armgnu~1/112202~1.02/bin/../lib/gcc/arm-none-eabi/11.2.1/thumb/v6-m/nofp/crtbegin.o
 .bss.pools     0x20000454       0x10 CMakeFiles/pio_rotary_encoder.dir/C_/Program_Files_(x86)/Pico/pico-sdk/src/common/pico_time/time.c.obj
 .bss.sd_table  0x20000464      0x100 CMakeFiles/pio_rotary_encoder.dir/C_/Program_Files_(x86)/Pico/pico-sdk/src/rp2_common/pico_double/double_init_rom.c.obj
                0x20000464                sd_table
 .bss.sf_clz_func
                0x20000564        0x4 CMakeFiles/pio_rotary_encoder.dir/C_/Program_Files_(x86)/Pico/pico-sdk/src/rp2_common/pico_double/double_init_rom.c.obj
                0x20000564                sf_clz_func
 .bss.sf_table  0x20000568      0x100 CMakeFiles/pio_rotary_encoder.dir/C_/Program_Files_(x86)/Pico/pico-sdk/src/rp2_common/pico_float/float_init_rom.c.obj
                0x20000568                sf_table
 .bss.sleep_notifier
                0x20000668        0x4 CMakeFiles/pio_rotary_encoder.dir/C_/Program_Files_(x86)/Pico/pico-sdk/src/common/pico_time/time.c.obj
 .bss.target_hi
                0x2000066c       0x10 CMakeFiles/pio_rotary_encoder.dir/C_/Program_Files_(x86)/Pico/pico-sdk/src/rp2_common/hardware_timer/timer.c.obj
 .bss.uart_char_to_line_feed
                0x2000067c        0x4 CMakeFiles/pio_rotary_encoder.dir/C_/Program_Files_(x86)/Pico/pico-sdk/src/rp2_common/hardware_uart/uart.c.obj
                0x2000067c                uart_char_to_line_feed
 .bss.uart_instance
                0x20000680        0x4 CMakeFiles/pio_rotary_encoder.dir/C_/Program_Files_(x86)/Pico/pico-sdk/src/rp2_common/pico_stdio_uart/stdio_uart.c.obj
 .bss.claimed   0x20000684        0x1 CMakeFiles/pio_rotary_encoder.dir/C_/Program_Files_(x86)/Pico/pico-sdk/src/rp2_common/hardware_timer/timer.c.obj
 .bss.irq_hander_chain_free_slot_head
                0x20000685        0x1 CMakeFiles/pio_rotary_encoder.dir/C_/Program_Files_(x86)/Pico/pico-sdk/src/rp2_common/hardware_irq/irq.c.obj
 .bss.timer_callbacks_pending
                0x20000686        0x1 CMakeFiles/pio_rotary_encoder.dir/C_/Program_Files_(x86)/Pico/pico-sdk/src/rp2_common/hardware_timer/timer.c.obj
 *(COMMON)
                0x20000688                . = ALIGN (0x4)
 *fill*         0x20000687        0x1 
                0x20000688                __bss_end__ = .

.heap           0x20000688      0x800
                0x20000688                __end__ = .
                0x20000688                end = __end__
 *(.heap*)
 .heap          0x20000688      0x800 CMakeFiles/pio_rotary_encoder.dir/C_/Program_Files_(x86)/Pico/pico-sdk/src/rp2_common/pico_standard_link/crt0.S.obj
                0x20000e88                __HeapLimit = .

.stack1_dummy   0x20040000        0x0
 *(.stack1*)

.stack_dummy    0x20041000      0x800
 *(.stack*)
 .stack         0x20041000      0x800 CMakeFiles/pio_rotary_encoder.dir/C_/Program_Files_(x86)/Pico/pico-sdk/src/rp2_common/pico_standard_link/crt0.S.obj

.flash_end      0x10005a70        0x0
                0x10005a70                __flash_binary_end = .
                0x20040000                __StackLimit = (ORIGIN (RAM) + LENGTH (RAM))
                0x20041000                __StackOneTop = (ORIGIN (SCRATCH_X) + LENGTH (SCRATCH_X))
                0x20042000                __StackTop = (ORIGIN (SCRATCH_Y) + LENGTH (SCRATCH_Y))
                0x20041000                __StackOneBottom = (__StackOneTop - SIZEOF (.stack1_dummy))
                0x20041800                __StackBottom = (__StackTop - SIZEOF (.stack_dummy))
                0x20042000                PROVIDE (__stack = __StackTop)
                0x00000001                ASSERT ((__StackLimit >= __HeapLimit), region RAM overflowed)
                0x00000001                ASSERT (((__binary_info_header_end - __logical_binary_start) <= 0x100), Binary info must be in first 256 bytes of the binary)
LOAD CMakeFiles/pio_rotary_encoder.dir/pio_rotary_encoder.cpp.obj
LOAD CMakeFiles/pio_rotary_encoder.dir/C_/Program_Files_(x86)/Pico/pico-sdk/src/rp2_common/pico_stdlib/stdlib.c.obj
LOAD CMakeFiles/pio_rotary_encoder.dir/C_/Program_Files_(x86)/Pico/pico-sdk/src/rp2_common/hardware_gpio/gpio.c.obj
LOAD CMakeFiles/pio_rotary_encoder.dir/C_/Program_Files_(x86)/Pico/pico-sdk/src/rp2_common/hardware_claim/claim.c.obj
LOAD CMakeFiles/pio_rotary_encoder.dir/C_/Program_Files_(x86)/Pico/pico-sdk/src/rp2_common/pico_platform/platform.c.obj
LOAD CMakeFiles/pio_rotary_encoder.dir/C_/Program_Files_(x86)/Pico/pico-sdk/src/rp2_common/hardware_sync/sync.c.obj
LOAD CMakeFiles/pio_rotary_encoder.dir/C_/Program_Files_(x86)/Pico/pico-sdk/src/rp2_common/hardware_uart/uart.c.obj
LOAD CMakeFiles/pio_rotary_encoder.dir/C_/Program_Files_(x86)/Pico/pico-sdk/src/rp2_common/hardware_divider/divider.S.obj
LOAD CMakeFiles/pio_rotary_encoder.dir/C_/Program_Files_(x86)/Pico/pico-sdk/src/common/pico_time/time.c.obj
LOAD CMakeFiles/pio_rotary_encoder.dir/C_/Program_Files_(x86)/Pico/pico-sdk/src/common/pico_time/timeout_helper.c.obj
LOAD CMakeFiles/pio_rotary_encoder.dir/C_/Program_Files_(x86)/Pico/pico-sdk/src/rp2_common/hardware_timer/timer.c.obj
LOAD CMakeFiles/pio_rotary_encoder.dir/C_/Program_Files_(x86)/Pico/pico-sdk/src/common/pico_sync/sem.c.obj
LOAD CMakeFiles/pio_rotary_encoder.dir/C_/Program_Files_(x86)/Pico/pico-sdk/src/common/pico_sync/lock_core.c.obj
LOAD CMakeFiles/pio_rotary_encoder.dir/C_/Program_Files_(x86)/Pico/pico-sdk/src/common/pico_sync/mutex.c.obj
LOAD CMakeFiles/pio_rotary_encoder.dir/C_/Program_Files_(x86)/Pico/pico-sdk/src/common/pico_sync/critical_section.c.obj
LOAD CMakeFiles/pio_rotary_encoder.dir/C_/Program_Files_(x86)/Pico/pico-sdk/src/common/pico_util/datetime.c.obj
LOAD CMakeFiles/pio_rotary_encoder.dir/C_/Program_Files_(x86)/Pico/pico-sdk/src/common/pico_util/pheap.c.obj
LOAD CMakeFiles/pio_rotary_encoder.dir/C_/Program_Files_(x86)/Pico/pico-sdk/src/common/pico_util/queue.c.obj
LOAD CMakeFiles/pio_rotary_encoder.dir/C_/Program_Files_(x86)/Pico/pico-sdk/src/rp2_common/pico_runtime/runtime.c.obj
LOAD CMakeFiles/pio_rotary_encoder.dir/C_/Program_Files_(x86)/Pico/pico-sdk/src/rp2_common/hardware_clocks/clocks.c.obj
LOAD CMakeFiles/pio_rotary_encoder.dir/C_/Program_Files_(x86)/Pico/pico-sdk/src/rp2_common/hardware_irq/irq.c.obj
LOAD CMakeFiles/pio_rotary_encoder.dir/C_/Program_Files_(x86)/Pico/pico-sdk/src/rp2_common/hardware_irq/irq_handler_chain.S.obj
LOAD CMakeFiles/pio_rotary_encoder.dir/C_/Program_Files_(x86)/Pico/pico-sdk/src/rp2_common/hardware_pll/pll.c.obj
LOAD CMakeFiles/pio_rotary_encoder.dir/C_/Program_Files_(x86)/Pico/pico-sdk/src/rp2_common/hardware_vreg/vreg.c.obj
LOAD CMakeFiles/pio_rotary_encoder.dir/C_/Program_Files_(x86)/Pico/pico-sdk/src/rp2_common/hardware_watchdog/watchdog.c.obj
LOAD CMakeFiles/pio_rotary_encoder.dir/C_/Program_Files_(x86)/Pico/pico-sdk/src/rp2_common/hardware_xosc/xosc.c.obj
LOAD CMakeFiles/pio_rotary_encoder.dir/C_/Program_Files_(x86)/Pico/pico-sdk/src/rp2_common/pico_printf/printf.c.obj
LOAD CMakeFiles/pio_rotary_encoder.dir/C_/Program_Files_(x86)/Pico/pico-sdk/src/rp2_common/pico_bit_ops/bit_ops_aeabi.S.obj
LOAD CMakeFiles/pio_rotary_encoder.dir/C_/Program_Files_(x86)/Pico/pico-sdk/src/rp2_common/pico_bootrom/bootrom.c.obj
LOAD CMakeFiles/pio_rotary_encoder.dir/C_/Program_Files_(x86)/Pico/pico-sdk/src/rp2_common/pico_divider/divider.S.obj
LOAD CMakeFiles/pio_rotary_encoder.dir/C_/Program_Files_(x86)/Pico/pico-sdk/src/rp2_common/pico_double/double_aeabi.S.obj
LOAD CMakeFiles/pio_rotary_encoder.dir/C_/Program_Files_(x86)/Pico/pico-sdk/src/rp2_common/pico_double/double_init_rom.c.obj
LOAD CMakeFiles/pio_rotary_encoder.dir/C_/Program_Files_(x86)/Pico/pico-sdk/src/rp2_common/pico_double/double_math.c.obj
LOAD CMakeFiles/pio_rotary_encoder.dir/C_/Program_Files_(x86)/Pico/pico-sdk/src/rp2_common/pico_double/double_v1_rom_shim.S.obj
LOAD CMakeFiles/pio_rotary_encoder.dir/C_/Program_Files_(x86)/Pico/pico-sdk/src/rp2_common/pico_int64_ops/pico_int64_ops_aeabi.S.obj
LOAD CMakeFiles/pio_rotary_encoder.dir/C_/Program_Files_(x86)/Pico/pico-sdk/src/rp2_common/pico_float/float_aeabi.S.obj
LOAD CMakeFiles/pio_rotary_encoder.dir/C_/Program_Files_(x86)/Pico/pico-sdk/src/rp2_common/pico_float/float_init_rom.c.obj
LOAD CMakeFiles/pio_rotary_encoder.dir/C_/Program_Files_(x86)/Pico/pico-sdk/src/rp2_common/pico_float/float_math.c.obj
LOAD CMakeFiles/pio_rotary_encoder.dir/C_/Program_Files_(x86)/Pico/pico-sdk/src/rp2_common/pico_float/float_v1_rom_shim.S.obj
LOAD CMakeFiles/pio_rotary_encoder.dir/C_/Program_Files_(x86)/Pico/pico-sdk/src/rp2_common/pico_malloc/pico_malloc.c.obj
LOAD CMakeFiles/pio_rotary_encoder.dir/C_/Program_Files_(x86)/Pico/pico-sdk/src/rp2_common/pico_mem_ops/mem_ops_aeabi.S.obj
LOAD CMakeFiles/pio_rotary_encoder.dir/C_/Program_Files_(x86)/Pico/pico-sdk/src/rp2_common/pico_standard_link/crt0.S.obj
LOAD CMakeFiles/pio_rotary_encoder.dir/C_/Program_Files_(x86)/Pico/pico-sdk/src/rp2_common/pico_standard_link/new_delete.cpp.obj
LOAD CMakeFiles/pio_rotary_encoder.dir/C_/Program_Files_(x86)/Pico/pico-sdk/src/rp2_common/pico_standard_link/binary_info.c.obj
LOAD CMakeFiles/pio_rotary_encoder.dir/C_/Program_Files_(x86)/Pico/pico-sdk/src/rp2_common/pico_stdio/stdio.c.obj
LOAD CMakeFiles/pio_rotary_encoder.dir/C_/Program_Files_(x86)/Pico/pico-sdk/src/rp2_common/pico_stdio_uart/stdio_uart.c.obj
LOAD CMakeFiles/pio_rotary_encoder.dir/C_/Program_Files_(x86)/Pico/pico-sdk/src/rp2_common/hardware_pio/pio.c.obj
LOAD C:\Users\Ant\AppData\Local\Temp\ccOggkS4.o
LOAD c:/progra~2/armgnu~1/112202~1.02/bin/../lib/gcc/arm-none-eabi/11.2.1/thumb/v6-m/nofp\libstdc++.a
LOAD c:/progra~2/armgnu~1/112202~1.02/bin/../lib/gcc/arm-none-eabi/11.2.1/thumb/v6-m/nofp\libm.a
START GROUP
LOAD c:/progra~2/armgnu~1/112202~1.02/bin/../lib/gcc/arm-none-eabi/11.2.1/thumb/v6-m/nofp\libgcc.a
LOAD c:/progra~2/armgnu~1/112202~1.02/bin/../lib/gcc/arm-none-eabi/11.2.1/thumb/v6-m/nofp\libg.a
LOAD c:/progra~2/armgnu~1/112202~1.02/bin/../lib/gcc/arm-none-eabi/11.2.1/thumb/v6-m/nofp\libc.a
END GROUP
START GROUP
LOAD c:/progra~2/armgnu~1/112202~1.02/bin/../lib/gcc/arm-none-eabi/11.2.1/thumb/v6-m/nofp\libgcc.a
LOAD c:/progra~2/armgnu~1/112202~1.02/bin/../lib/gcc/arm-none-eabi/11.2.1/thumb/v6-m/nofp\libc.a
LOAD c:/progra~2/armgnu~1/112202~1.02/bin/../lib/gcc/arm-none-eabi/11.2.1/thumb/v6-m/nofp\libnosys.a
END GROUP
LOAD c:/progra~2/armgnu~1/112202~1.02/bin/../lib/gcc/arm-none-eabi/11.2.1/thumb/v6-m/nofp/crtend.o
LOAD c:/progra~2/armgnu~1/112202~1.02/bin/../lib/gcc/arm-none-eabi/11.2.1/thumb/v6-m/nofp/crtn.o
OUTPUT(pio_rotary_encoder.elf elf32-littlearm)
LOAD linker stubs

.ARM.attributes
                0x00000000       0x28
 .ARM.attributes
                0x00000000       0x1e c:/progra~2/armgnu~1/112202~1.02/bin/../lib/gcc/arm-none-eabi/11.2.1/thumb/v6-m/nofp/crti.o
 .ARM.attributes
                0x0000001e       0x2c c:/progra~2/armgnu~1/112202~1.02/bin/../lib/gcc/arm-none-eabi/11.2.1/thumb/v6-m/nofp/crtbegin.o
 .ARM.attributes
                0x0000004a       0x2c CMakeFiles/pio_rotary_encoder.dir/pio_rotary_encoder.cpp.obj
 .ARM.attributes
                0x00000076       0x2c CMakeFiles/pio_rotary_encoder.dir/C_/Program_Files_(x86)/Pico/pico-sdk/src/rp2_common/hardware_gpio/gpio.c.obj
 .ARM.attributes
                0x000000a2       0x2c CMakeFiles/pio_rotary_encoder.dir/C_/Program_Files_(x86)/Pico/pico-sdk/src/rp2_common/hardware_claim/claim.c.obj
 .ARM.attributes
                0x000000ce       0x2c CMakeFiles/pio_rotary_encoder.dir/C_/Program_Files_(x86)/Pico/pico-sdk/src/rp2_common/pico_platform/platform.c.obj
 .ARM.attributes
                0x000000fa       0x2c CMakeFiles/pio_rotary_encoder.dir/C_/Program_Files_(x86)/Pico/pico-sdk/src/rp2_common/hardware_sync/sync.c.obj
 .ARM.attributes
                0x00000126       0x2c CMakeFiles/pio_rotary_encoder.dir/C_/Program_Files_(x86)/Pico/pico-sdk/src/rp2_common/hardware_uart/uart.c.obj
 .ARM.attributes
                0x00000152       0x2c CMakeFiles/pio_rotary_encoder.dir/C_/Program_Files_(x86)/Pico/pico-sdk/src/common/pico_time/time.c.obj
 .ARM.attributes
                0x0000017e       0x2c CMakeFiles/pio_rotary_encoder.dir/C_/Program_Files_(x86)/Pico/pico-sdk/src/rp2_common/hardware_timer/timer.c.obj
 .ARM.attributes
                0x000001aa       0x2c CMakeFiles/pio_rotary_encoder.dir/C_/Program_Files_(x86)/Pico/pico-sdk/src/common/pico_sync/lock_core.c.obj
 .ARM.attributes
                0x000001d6       0x2c CMakeFiles/pio_rotary_encoder.dir/C_/Program_Files_(x86)/Pico/pico-sdk/src/common/pico_sync/mutex.c.obj
 .ARM.attributes
                0x00000202       0x2c CMakeFiles/pio_rotary_encoder.dir/C_/Program_Files_(x86)/Pico/pico-sdk/src/common/pico_util/pheap.c.obj
 .ARM.attributes
                0x0000022e       0x2c CMakeFiles/pio_rotary_encoder.dir/C_/Program_Files_(x86)/Pico/pico-sdk/src/rp2_common/pico_runtime/runtime.c.obj
 .ARM.attributes
                0x0000025a       0x2c CMakeFiles/pio_rotary_encoder.dir/C_/Program_Files_(x86)/Pico/pico-sdk/src/rp2_common/hardware_clocks/clocks.c.obj
 .ARM.attributes
                0x00000286       0x2c CMakeFiles/pio_rotary_encoder.dir/C_/Program_Files_(x86)/Pico/pico-sdk/src/rp2_common/hardware_irq/irq.c.obj
 .ARM.attributes
                0x000002b2       0x22 CMakeFiles/pio_rotary_encoder.dir/C_/Program_Files_(x86)/Pico/pico-sdk/src/rp2_common/hardware_irq/irq_handler_chain.S.obj
 .ARM.attributes
                0x000002d4       0x2c CMakeFiles/pio_rotary_encoder.dir/C_/Program_Files_(x86)/Pico/pico-sdk/src/rp2_common/hardware_pll/pll.c.obj
 .ARM.attributes
                0x00000300       0x2c CMakeFiles/pio_rotary_encoder.dir/C_/Program_Files_(x86)/Pico/pico-sdk/src/rp2_common/hardware_watchdog/watchdog.c.obj
 .ARM.attributes
                0x0000032c       0x2c CMakeFiles/pio_rotary_encoder.dir/C_/Program_Files_(x86)/Pico/pico-sdk/src/rp2_common/hardware_xosc/xosc.c.obj
 .ARM.attributes
                0x00000358       0x2c CMakeFiles/pio_rotary_encoder.dir/C_/Program_Files_(x86)/Pico/pico-sdk/src/rp2_common/pico_printf/printf.c.obj
 .ARM.attributes
                0x00000384       0x22 CMakeFiles/pio_rotary_encoder.dir/C_/Program_Files_(x86)/Pico/pico-sdk/src/rp2_common/pico_bit_ops/bit_ops_aeabi.S.obj
 .ARM.attributes
                0x000003a6       0x2c CMakeFiles/pio_rotary_encoder.dir/C_/Program_Files_(x86)/Pico/pico-sdk/src/rp2_common/pico_bootrom/bootrom.c.obj
 .ARM.attributes
                0x000003d2       0x22 CMakeFiles/pio_rotary_encoder.dir/C_/Program_Files_(x86)/Pico/pico-sdk/src/rp2_common/pico_divider/divider.S.obj
 .ARM.attributes
                0x000003f4       0x22 CMakeFiles/pio_rotary_encoder.dir/C_/Program_Files_(x86)/Pico/pico-sdk/src/rp2_common/pico_double/double_aeabi.S.obj
 .ARM.attributes
                0x00000416       0x2c CMakeFiles/pio_rotary_encoder.dir/C_/Program_Files_(x86)/Pico/pico-sdk/src/rp2_common/pico_double/double_init_rom.c.obj
 .ARM.attributes
                0x00000442       0x22 CMakeFiles/pio_rotary_encoder.dir/C_/Program_Files_(x86)/Pico/pico-sdk/src/rp2_common/pico_double/double_v1_rom_shim.S.obj
 .ARM.attributes
                0x00000464       0x22 CMakeFiles/pio_rotary_encoder.dir/C_/Program_Files_(x86)/Pico/pico-sdk/src/rp2_common/pico_int64_ops/pico_int64_ops_aeabi.S.obj
 .ARM.attributes
                0x00000486       0x22 CMakeFiles/pio_rotary_encoder.dir/C_/Program_Files_(x86)/Pico/pico-sdk/src/rp2_common/pico_float/float_aeabi.S.obj
 .ARM.attributes
                0x000004a8       0x2c CMakeFiles/pio_rotary_encoder.dir/C_/Program_Files_(x86)/Pico/pico-sdk/src/rp2_common/pico_float/float_init_rom.c.obj
 .ARM.attributes
                0x000004d4       0x22 CMakeFiles/pio_rotary_encoder.dir/C_/Program_Files_(x86)/Pico/pico-sdk/src/rp2_common/pico_float/float_v1_rom_shim.S.obj
 .ARM.attributes
                0x000004f6       0x22 CMakeFiles/pio_rotary_encoder.dir/C_/Program_Files_(x86)/Pico/pico-sdk/src/rp2_common/pico_mem_ops/mem_ops_aeabi.S.obj
 .ARM.attributes
                0x00000518       0x22 CMakeFiles/pio_rotary_encoder.dir/C_/Program_Files_(x86)/Pico/pico-sdk/src/rp2_common/pico_standard_link/crt0.S.obj
 .ARM.attributes
                0x0000053a       0x2c CMakeFiles/pio_rotary_encoder.dir/C_/Program_Files_(x86)/Pico/pico-sdk/src/rp2_common/pico_standard_link/binary_info.c.obj
 .ARM.attributes
                0x00000566       0x2c CMakeFiles/pio_rotary_encoder.dir/C_/Program_Files_(x86)/Pico/pico-sdk/src/rp2_common/pico_stdio/stdio.c.obj
 .ARM.attributes
                0x00000592       0x2c CMakeFiles/pio_rotary_encoder.dir/C_/Program_Files_(x86)/Pico/pico-sdk/src/rp2_common/pico_stdio_uart/stdio_uart.c.obj
 .ARM.attributes
                0x000005be       0x2c CMakeFiles/pio_rotary_encoder.dir/C_/Program_Files_(x86)/Pico/pico-sdk/src/rp2_common/hardware_pio/pio.c.obj
 .ARM.attributes
                0x000005ea       0x22 C:\Users\Ant\AppData\Local\Temp\ccOggkS4.o
 .ARM.attributes
                0x0000060c       0x1e c:/progra~2/armgnu~1/112202~1.02/bin/../lib/gcc/arm-none-eabi/11.2.1/thumb/v6-m/nofp\libgcc.a(_dvmd_tls.o)
 .ARM.attributes
                0x0000062a       0x2c c:/progra~2/armgnu~1/112202~1.02/bin/../lib/gcc/arm-none-eabi/11.2.1/thumb/v6-m/nofp\libg.a(lib_a-strlen-stub.o)
 .ARM.attributes
                0x00000656       0x2c c:/progra~2/armgnu~1/112202~1.02/bin/../lib/gcc/arm-none-eabi/11.2.1/thumb/v6-m/nofp/crtend.o

.comment        0x00000000       0x57
 .comment       0x00000000       0x57 c:/progra~2/armgnu~1/112202~1.02/bin/../lib/gcc/arm-none-eabi/11.2.1/thumb/v6-m/nofp/crtbegin.o
                                 0x58 (size before relaxing)
 .comment       0x00000057       0x58 CMakeFiles/pio_rotary_encoder.dir/pio_rotary_encoder.cpp.obj
 .comment       0x00000057       0x58 CMakeFiles/pio_rotary_encoder.dir/C_/Program_Files_(x86)/Pico/pico-sdk/src/rp2_common/hardware_gpio/gpio.c.obj
 .comment       0x00000057       0x58 CMakeFiles/pio_rotary_encoder.dir/C_/Program_Files_(x86)/Pico/pico-sdk/src/rp2_common/hardware_claim/claim.c.obj
 .comment       0x00000057       0x58 CMakeFiles/pio_rotary_encoder.dir/C_/Program_Files_(x86)/Pico/pico-sdk/src/rp2_common/pico_platform/platform.c.obj
 .comment       0x00000057       0x58 CMakeFiles/pio_rotary_encoder.dir/C_/Program_Files_(x86)/Pico/pico-sdk/src/rp2_common/hardware_sync/sync.c.obj
 .comment       0x00000057       0x58 CMakeFiles/pio_rotary_encoder.dir/C_/Program_Files_(x86)/Pico/pico-sdk/src/rp2_common/hardware_uart/uart.c.obj
 .comment       0x00000057       0x58 CMakeFiles/pio_rotary_encoder.dir/C_/Program_Files_(x86)/Pico/pico-sdk/src/common/pico_time/time.c.obj
 .comment       0x00000057       0x58 CMakeFiles/pio_rotary_encoder.dir/C_/Program_Files_(x86)/Pico/pico-sdk/src/rp2_common/hardware_timer/timer.c.obj
 .comment       0x00000057       0x58 CMakeFiles/pio_rotary_encoder.dir/C_/Program_Files_(x86)/Pico/pico-sdk/src/common/pico_sync/lock_core.c.obj
 .comment       0x00000057       0x58 CMakeFiles/pio_rotary_encoder.dir/C_/Program_Files_(x86)/Pico/pico-sdk/src/common/pico_sync/mutex.c.obj
 .comment       0x00000057       0x58 CMakeFiles/pio_rotary_encoder.dir/C_/Program_Files_(x86)/Pico/pico-sdk/src/common/pico_util/pheap.c.obj
 .comment       0x00000057       0x58 CMakeFiles/pio_rotary_encoder.dir/C_/Program_Files_(x86)/Pico/pico-sdk/src/rp2_common/pico_runtime/runtime.c.obj
 .comment       0x00000057       0x58 CMakeFiles/pio_rotary_encoder.dir/C_/Program_Files_(x86)/Pico/pico-sdk/src/rp2_common/hardware_clocks/clocks.c.obj
 .comment       0x00000057       0x58 CMakeFiles/pio_rotary_encoder.dir/C_/Program_Files_(x86)/Pico/pico-sdk/src/rp2_common/hardware_irq/irq.c.obj
 .comment       0x00000057       0x58 CMakeFiles/pio_rotary_encoder.dir/C_/Program_Files_(x86)/Pico/pico-sdk/src/rp2_common/hardware_pll/pll.c.obj
 .comment       0x00000057       0x58 CMakeFiles/pio_rotary_encoder.dir/C_/Program_Files_(x86)/Pico/pico-sdk/src/rp2_common/hardware_watchdog/watchdog.c.obj
 .comment       0x00000057       0x58 CMakeFiles/pio_rotary_encoder.dir/C_/Program_Files_(x86)/Pico/pico-sdk/src/rp2_common/hardware_xosc/xosc.c.obj
 .comment       0x00000057       0x58 CMakeFiles/pio_rotary_encoder.dir/C_/Program_Files_(x86)/Pico/pico-sdk/src/rp2_common/pico_printf/printf.c.obj
 .comment       0x00000057       0x58 CMakeFiles/pio_rotary_encoder.dir/C_/Program_Files_(x86)/Pico/pico-sdk/src/rp2_common/pico_bootrom/bootrom.c.obj
 .comment       0x00000057       0x58 CMakeFiles/pio_rotary_encoder.dir/C_/Program_Files_(x86)/Pico/pico-sdk/src/rp2_common/pico_double/double_init_rom.c.obj
 .comment       0x00000057       0x58 CMakeFiles/pio_rotary_encoder.dir/C_/Program_Files_(x86)/Pico/pico-sdk/src/rp2_common/pico_float/float_init_rom.c.obj
 .comment       0x00000057       0x58 CMakeFiles/pio_rotary_encoder.dir/C_/Program_Files_(x86)/Pico/pico-sdk/src/rp2_common/pico_standard_link/binary_info.c.obj
 .comment       0x00000057       0x58 CMakeFiles/pio_rotary_encoder.dir/C_/Program_Files_(x86)/Pico/pico-sdk/src/rp2_common/pico_stdio/stdio.c.obj
 .comment       0x00000057       0x58 CMakeFiles/pio_rotary_encoder.dir/C_/Program_Files_(x86)/Pico/pico-sdk/src/rp2_common/pico_stdio_uart/stdio_uart.c.obj
 .comment       0x00000057       0x58 CMakeFiles/pio_rotary_encoder.dir/C_/Program_Files_(x86)/Pico/pico-sdk/src/rp2_common/hardware_pio/pio.c.obj
 .comment       0x00000057       0x58 c:/progra~2/armgnu~1/112202~1.02/bin/../lib/gcc/arm-none-eabi/11.2.1/thumb/v6-m/nofp\libg.a(lib_a-strlen-stub.o)
 .comment       0x00000057       0x58 c:/progra~2/armgnu~1/112202~1.02/bin/../lib/gcc/arm-none-eabi/11.2.1/thumb/v6-m/nofp/crtend.o

.debug_info     0x00000000    0x16efc
 .debug_info    0x00000000     0x1a16 CMakeFiles/pio_rotary_encoder.dir/pio_rotary_encoder.cpp.obj
 .debug_info    0x00001a16     0x1417 CMakeFiles/pio_rotary_encoder.dir/C_/Program_Files_(x86)/Pico/pico-sdk/src/rp2_common/hardware_gpio/gpio.c.obj
 .debug_info    0x00002e2d      0x69a CMakeFiles/pio_rotary_encoder.dir/C_/Program_Files_(x86)/Pico/pico-sdk/src/rp2_common/hardware_claim/claim.c.obj
 .debug_info    0x000034c7      0x1fb CMakeFiles/pio_rotary_encoder.dir/C_/Program_Files_(x86)/Pico/pico-sdk/src/rp2_common/pico_platform/platform.c.obj
 .debug_info    0x000036c2      0x5db CMakeFiles/pio_rotary_encoder.dir/C_/Program_Files_(x86)/Pico/pico-sdk/src/rp2_common/hardware_sync/sync.c.obj
 .debug_info    0x00003c9d      0xb20 CMakeFiles/pio_rotary_encoder.dir/C_/Program_Files_(x86)/Pico/pico-sdk/src/rp2_common/hardware_uart/uart.c.obj
 .debug_info    0x000047bd     0x3c01 CMakeFiles/pio_rotary_encoder.dir/C_/Program_Files_(x86)/Pico/pico-sdk/src/common/pico_time/time.c.obj
 .debug_info    0x000083be     0x115e CMakeFiles/pio_rotary_encoder.dir/C_/Program_Files_(x86)/Pico/pico-sdk/src/rp2_common/hardware_timer/timer.c.obj
 .debug_info    0x0000951c      0x1a3 CMakeFiles/pio_rotary_encoder.dir/C_/Program_Files_(x86)/Pico/pico-sdk/src/common/pico_sync/lock_core.c.obj
 .debug_info    0x000096bf     0x2055 CMakeFiles/pio_rotary_encoder.dir/C_/Program_Files_(x86)/Pico/pico-sdk/src/common/pico_sync/mutex.c.obj
 .debug_info    0x0000b714     0x1223 CMakeFiles/pio_rotary_encoder.dir/C_/Program_Files_(x86)/Pico/pico-sdk/src/common/pico_util/pheap.c.obj
 .debug_info    0x0000c937      0xa56 CMakeFiles/pio_rotary_encoder.dir/C_/Program_Files_(x86)/Pico/pico-sdk/src/rp2_common/pico_runtime/runtime.c.obj
 .debug_info    0x0000d38d      0xf81 CMakeFiles/pio_rotary_encoder.dir/C_/Program_Files_(x86)/Pico/pico-sdk/src/rp2_common/hardware_clocks/clocks.c.obj
 .debug_info    0x0000e30e     0x191b CMakeFiles/pio_rotary_encoder.dir/C_/Program_Files_(x86)/Pico/pico-sdk/src/rp2_common/hardware_irq/irq.c.obj
 .debug_info    0x0000fc29      0x505 CMakeFiles/pio_rotary_encoder.dir/C_/Program_Files_(x86)/Pico/pico-sdk/src/rp2_common/hardware_pll/pll.c.obj
 .debug_info    0x0001012e      0x4c5 CMakeFiles/pio_rotary_encoder.dir/C_/Program_Files_(x86)/Pico/pico-sdk/src/rp2_common/hardware_watchdog/watchdog.c.obj
 .debug_info    0x000105f3      0x1c7 CMakeFiles/pio_rotary_encoder.dir/C_/Program_Files_(x86)/Pico/pico-sdk/src/rp2_common/hardware_xosc/xosc.c.obj
 .debug_info    0x000107ba     0x19b1 CMakeFiles/pio_rotary_encoder.dir/C_/Program_Files_(x86)/Pico/pico-sdk/src/rp2_common/pico_printf/printf.c.obj
 .debug_info    0x0001216b       0x23 CMakeFiles/pio_rotary_encoder.dir/C_/Program_Files_(x86)/Pico/pico-sdk/src/rp2_common/pico_bit_ops/bit_ops_aeabi.S.obj
 .debug_info    0x0001218e      0x26d CMakeFiles/pio_rotary_encoder.dir/C_/Program_Files_(x86)/Pico/pico-sdk/src/rp2_common/pico_bootrom/bootrom.c.obj
 .debug_info    0x000123fb       0x23 CMakeFiles/pio_rotary_encoder.dir/C_/Program_Files_(x86)/Pico/pico-sdk/src/rp2_common/pico_divider/divider.S.obj
 .debug_info    0x0001241e       0x23 CMakeFiles/pio_rotary_encoder.dir/C_/Program_Files_(x86)/Pico/pico-sdk/src/rp2_common/pico_double/double_aeabi.S.obj
 .debug_info    0x00012441      0x33f CMakeFiles/pio_rotary_encoder.dir/C_/Program_Files_(x86)/Pico/pico-sdk/src/rp2_common/pico_double/double_init_rom.c.obj
 .debug_info    0x00012780       0x23 CMakeFiles/pio_rotary_encoder.dir/C_/Program_Files_(x86)/Pico/pico-sdk/src/rp2_common/pico_double/double_v1_rom_shim.S.obj
 .debug_info    0x000127a3       0x24 CMakeFiles/pio_rotary_encoder.dir/C_/Program_Files_(x86)/Pico/pico-sdk/src/rp2_common/pico_int64_ops/pico_int64_ops_aeabi.S.obj
 .debug_info    0x000127c7       0x23 CMakeFiles/pio_rotary_encoder.dir/C_/Program_Files_(x86)/Pico/pico-sdk/src/rp2_common/pico_float/float_aeabi.S.obj
 .debug_info    0x000127ea      0x34f CMakeFiles/pio_rotary_encoder.dir/C_/Program_Files_(x86)/Pico/pico-sdk/src/rp2_common/pico_float/float_init_rom.c.obj
 .debug_info    0x00012b39       0x23 CMakeFiles/pio_rotary_encoder.dir/C_/Program_Files_(x86)/Pico/pico-sdk/src/rp2_common/pico_float/float_v1_rom_shim.S.obj
 .debug_info    0x00012b5c       0x23 CMakeFiles/pio_rotary_encoder.dir/C_/Program_Files_(x86)/Pico/pico-sdk/src/rp2_common/pico_mem_ops/mem_ops_aeabi.S.obj
 .debug_info    0x00012b7f       0x23 CMakeFiles/pio_rotary_encoder.dir/C_/Program_Files_(x86)/Pico/pico-sdk/src/rp2_common/pico_standard_link/crt0.S.obj
 .debug_info    0x00012ba2      0x2dd CMakeFiles/pio_rotary_encoder.dir/C_/Program_Files_(x86)/Pico/pico-sdk/src/rp2_common/pico_standard_link/binary_info.c.obj
 .debug_info    0x00012e7f     0x12fe CMakeFiles/pio_rotary_encoder.dir/C_/Program_Files_(x86)/Pico/pico-sdk/src/rp2_common/pico_stdio/stdio.c.obj
 .debug_info    0x0001417d      0xc24 CMakeFiles/pio_rotary_encoder.dir/C_/Program_Files_(x86)/Pico/pico-sdk/src/rp2_common/pico_stdio_uart/stdio_uart.c.obj
 .debug_info    0x00014da1     0x204c CMakeFiles/pio_rotary_encoder.dir/C_/Program_Files_(x86)/Pico/pico-sdk/src/rp2_common/hardware_pio/pio.c.obj
 .debug_info    0x00016ded       0x24 c:/progra~2/armgnu~1/112202~1.02/bin/../lib/gcc/arm-none-eabi/11.2.1/thumb/v6-m/nofp\libgcc.a(_dvmd_tls.o)
 .debug_info    0x00016e11       0xeb c:/progra~2/armgnu~1/112202~1.02/bin/../lib/gcc/arm-none-eabi/11.2.1/thumb/v6-m/nofp\libg.a(lib_a-strlen-stub.o)

.debug_abbrev   0x00000000     0x4b6e
 .debug_abbrev  0x00000000      0x539 CMakeFiles/pio_rotary_encoder.dir/pio_rotary_encoder.cpp.obj
 .debug_abbrev  0x00000539      0x2ed CMakeFiles/pio_rotary_encoder.dir/C_/Program_Files_(x86)/Pico/pico-sdk/src/rp2_common/hardware_gpio/gpio.c.obj
 .debug_abbrev  0x00000826      0x2d0 CMakeFiles/pio_rotary_encoder.dir/C_/Program_Files_(x86)/Pico/pico-sdk/src/rp2_common/hardware_claim/claim.c.obj
 .debug_abbrev  0x00000af6       0xf8 CMakeFiles/pio_rotary_encoder.dir/C_/Program_Files_(x86)/Pico/pico-sdk/src/rp2_common/pico_platform/platform.c.obj
 .debug_abbrev  0x00000bee      0x249 CMakeFiles/pio_rotary_encoder.dir/C_/Program_Files_(x86)/Pico/pico-sdk/src/rp2_common/hardware_sync/sync.c.obj
 .debug_abbrev  0x00000e37      0x2e3 CMakeFiles/pio_rotary_encoder.dir/C_/Program_Files_(x86)/Pico/pico-sdk/src/rp2_common/hardware_uart/uart.c.obj
 .debug_abbrev  0x0000111a      0x5e8 CMakeFiles/pio_rotary_encoder.dir/C_/Program_Files_(x86)/Pico/pico-sdk/src/common/pico_time/time.c.obj
 .debug_abbrev  0x00001702      0x3c1 CMakeFiles/pio_rotary_encoder.dir/C_/Program_Files_(x86)/Pico/pico-sdk/src/rp2_common/hardware_timer/timer.c.obj
 .debug_abbrev  0x00001ac3      0x116 CMakeFiles/pio_rotary_encoder.dir/C_/Program_Files_(x86)/Pico/pico-sdk/src/common/pico_sync/lock_core.c.obj
 .debug_abbrev  0x00001bd9      0x3dc CMakeFiles/pio_rotary_encoder.dir/C_/Program_Files_(x86)/Pico/pico-sdk/src/common/pico_sync/mutex.c.obj
 .debug_abbrev  0x00001fb5      0x2c9 CMakeFiles/pio_rotary_encoder.dir/C_/Program_Files_(x86)/Pico/pico-sdk/src/common/pico_util/pheap.c.obj
 .debug_abbrev  0x0000227e      0x3e5 CMakeFiles/pio_rotary_encoder.dir/C_/Program_Files_(x86)/Pico/pico-sdk/src/rp2_common/pico_runtime/runtime.c.obj